// Jest Snapshot v1, https://goo.gl/fbAQLP

exports[`customers component should render correctly without slot 1`] = `
<div>
  <section
    class="customers"
    id="customers"
  >
    <div
      class="container"
    >
      <div
        class="customers__text-content"
      >
        <h2
          class="customers__main-title"
        >
          
        Our valued customers
      
        </h2>
         
        <p
          class="customers__description"
        >
          
        Due to our NDAs and confidentiality requirements, we cannot disclose details for all of our customers. These
        are a few of the companies we work with.
      
        </p>
      </div>
       
      <div
        class="customers__customers-list"
      >
        <div
          class="icon-wrapper"
        >
          <div
            class="icon-wrapper__icon icon-wrapper__godee-icon"
          />
        </div>
        <div
          class="icon-wrapper"
        >
          <div
            class="icon-wrapper__icon icon-wrapper__guardrails-icon"
          />
        </div>
        <div
          class="icon-wrapper"
        >
          <div
            class="icon-wrapper__icon icon-wrapper__teacherly-icon"
          />
        </div>
        <div
          class="icon-wrapper"
        >
          <div
            class="icon-wrapper__icon icon-wrapper__triggermesh-icon"
          />
        </div>
        <div
          class="icon-wrapper"
        >
          <div
            class="icon-wrapper__icon icon-wrapper__clutch-icon"
          />
        </div>
        <div
          class="icon-wrapper"
        >
          <div
            class="icon-wrapper__icon icon-wrapper__eatigo-icon"
          />
        </div>
        <div
          class="icon-wrapper"
        >
          <div
            class="icon-wrapper__icon icon-wrapper__veeqo-icon"
          />
        </div>
        <div
          class="icon-wrapper"
        >
          <div
            class="icon-wrapper__icon icon-wrapper__admitad-icon"
          />
        </div>
        <div
          class="icon-wrapper"
        >
          <div
            class="icon-wrapper__icon icon-wrapper__iotsploit-icon"
          />
        </div>
        <div
          class="icon-wrapper"
        >
          <div
            class="icon-wrapper__icon icon-wrapper__sir-jonas-icon"
          />
        </div>
        <div
          class="icon-wrapper"
        >
          <div
            class="icon-wrapper__icon icon-wrapper__progressay-icon"
          />
        </div>
        <div
          class="icon-wrapper"
        >
          <div
            class="icon-wrapper__icon icon-wrapper__kickoico-icon"
          />
        </div>
        <div
          class="icon-wrapper"
        >
          <div
            class="icon-wrapper__icon icon-wrapper__nambafood-icon"
          />
        </div>
        <div
          class="icon-wrapper"
        >
          <div
            class="icon-wrapper__icon icon-wrapper__showmebishkek-icon"
          />
        </div>
        <div
          class="icon-wrapper"
        >
          <div
            class="icon-wrapper__icon icon-wrapper__mythril-icon"
          />
        </div>
        <div
          class="icon-wrapper"
        >
          <div
            class="icon-wrapper__icon icon-wrapper__seso-icon"
          />
        </div>
        <div
          class="icon-wrapper"
        >
          <div
            class="icon-wrapper__icon icon-wrapper__tengri-icon"
          />
        </div>
        <div
          class="icon-wrapper"
        >
          <div
            class="icon-wrapper__icon icon-wrapper__peklo-icon"
          />
        </div>
      </div>
    </div>
  </section>
</div>
`;
