// Jest Snapshot v1, https://goo.gl/fbAQLP

exports[`image attribute slice component is a Vue instance 1`] = `
<div>
  <div>
    <div
      class="post-part single"
    >
      <a
        class="block-img"
        href="https://blog.maddevs.io"
        target="_blank"
      >
        <img
          alt="alt text"
          class="img_lazy"
          data-src="https://images.prismic.io/superpupertest/4b27a325-c48e-4f20-943d-e40537291055_2020-12-08_14-11.png?auto=compress,format&rect=0,0,1231,306&w=1200&h=298"
          height="170"
          width="680"
        />
      </a>
    </div>
  </div>
</div>
`;
