// Jest Snapshot v1, https://goo.gl/fbAQLP

exports[`text slice component is a Vue instance 1`] = `
<div>
  <div
    class="post-part single"
  >
    <prismicrichtext-stub
      class="textslice"
      field="[object Object]"
      html-serializer="function htmlSerializer() {
          return null;
        }"
    />
  </div>
</div>
`;
