// Jest Snapshot v1, https://goo.gl/fbAQLP

exports[`AboutBanner should render correctly 1`] = `
<div>
  <div
    class="banner-container"
  >
    <div
      class="banner-content"
    >
      <div
        class="text-content_wrapper container"
      >
        <div
          class="main-title-wrapper"
        >
          <h1
            class="banner-main_title"
          >
            <span
              class="main-title-black_part"
            >
              Mad Devs
            </span>
             
            <span
              class="main-title-white_part"
            >
              <br />
              Engineering
              <br />
              Your Growth
            </span>
          </h1>
        </div>
         
        <div
          class="icon-item"
        >
          <div
            class="animation-img-wrap"
          />
        </div>
      </div>
    </div>
     
    <div
      class="navigation-wrap container navigation-wrap-"
    >
      <nav
        class="navigation-list navigation-list-"
      >
        <nuxtlink-stub
          class="navigation-item"
          to="services/#remote-tech-staff"
        >
          
      Remote Tech Staff
    
        </nuxtlink-stub>
        <nuxtlink-stub
          class="navigation-item"
          to="services/#software-development"
        >
          
      Software Development
    
        </nuxtlink-stub>
        <nuxtlink-stub
          class="navigation-item"
          to="services/#infrastructure-optimisation"
        >
          
      Infrastructure Optimization
    
        </nuxtlink-stub>
        <nuxtlink-stub
          class="navigation-item"
          to="services/#it-consulting"
        >
          
      IT Consulting
    
        </nuxtlink-stub>
         
      </nav>
    </div>
  </div>
</div>
`;
