// Jest Snapshot v1, https://goo.gl/fbAQLP

exports[`CareersForm component renders correctly 1`] = `
<section
  class="careers"
  id="careers"
>
  <div
    class="container"
  >
    <div
      class="careers__wrapper"
    >
      <img
        alt="Careers Background Image"
        class="careers__background-logo"
        src="@/assets/img/Careers/svg/careers_logo.svg"
      />
       
      <validationobserver-stub />
    </div>
  </div>
   
  <successmodal-stub
    id="career-modal"
  />
</section>
`;
