// Jest Snapshot v1, https://goo.gl/fbAQLP

exports[`HeaderNambaFood renders correctly 1`] = `
<section
  class="case_header"
>
  <div
    class="case_logotype nambafood"
  />
   
  <h1
    class="case_header-title"
  >
    Namba Food 
    <br />
     Top Delivery Service 
    <br
      class="case_text-break"
    />
     in 
    <br
      class="case_text-break-mobile"
    />
     Central Asia
  </h1>
   
  <button
    class="case_more-button case_more__button"
    type="button"
  >
    Read our case studies ↓
  </button>
</section>
`;
