// Jest Snapshot v1, https://goo.gl/fbAQLP

exports[`text quote author renders correctly 1`] = `
<blockquote
  class="case_blockquote-author m-auto"
>
  Main Content 
  <div
    class="case_blockquote-author__author-info m-24_top"
  >
    <div
      class="case_blockquote-author__photo m-auto"
    >
      <picture>
        <source
          class="image"
          srcset="[object Object] ,[object Object] 2x"
          type="image/webp"
        />
         
        <img
          alt="alt"
          class="image"
          height="0"
          loading="lazy"
          src="[object Object]"
          srcset="[object Object] 2x"
          width="0"
        />
      </picture>
    </div>
     
    <p
      class="case_paragraph case_blockquote-author__name"
    >
      
      Author name
    
    </p>
     
    <p
      class="case_blockquote-author__position"
    >
      
      Author position
    
    </p>
  </div>
</blockquote>
`;
