// Jest Snapshot v1, https://goo.gl/fbAQLP

exports[`CardsBusinessModelsGrid renders correctly 1`] = `
<div
  class="case_business-models-grid"
>
  <div
    class="case_card background-color-silver case_business-models-grid__personal-card"
  >
    <div
      class="case_business-models-grid__personal-image"
    >
      <picture
        filenameretina="personal@2x"
      >
        <source
          class="image"
          srcset="[object Object] ,[object Object] 2x"
          type="image/webp"
        />
         
        <img
          alt=""
          class="image"
          loading="lazy"
          src="[object Object]"
          srcset="[object Object] 2x"
        />
      </picture>
    </div>
     
    <div
      class="case_business-models-grid__text-wrapper"
    >
      <h4
        class="m-8_bottom case_title_h4"
      >
        Personal courier
      </h4>
       
      <p
        class="case_paragraph"
      >
        
        The personal courier service works 24/7,
        enabling quick delivery for both organizations and individuals. Regardless of
        products’ nature , personal couriers will
        deliver it on time and, if needed, anonymously.
      
      </p>
    </div>
  </div>
   
  <div
    class="case_business-models-grid__right-column"
  >
    <div
      class="case_card background-color-turquoise"
    >
      <h4
        class="m-8_bottom case_title_h4"
        style="color: rgb(255, 255, 255);"
      >
        Outsource partners
      </h4>
       
      <p
        class="case_paragraph"
        style="color: rgb(255, 255, 255);"
      >
        
        Business running e-commerce websites,
        but wanting to outsource delivery service
        can benefit from Namba Food’s checkout
        page. It allows businesses to quickly
        integrate delivery without occurring 
        <br />
        
        operational costs.
      
      </p>
    </div>
     
    <div
      class="case_card background-color-berry"
    >
      <h4
        class="m-8_bottom case_title_h4"
        style="color: rgb(255, 255, 255);"
      >
        Delivery of food and goods
      </h4>
       
      <p
        class="case_paragraph"
        style="color: rgb(255, 255, 255);"
      >
        
        Namba Food's delivery service positions
        itself as an intermediary body between
        good & food service providers and customers.
      
      </p>
    </div>
  </div>
</div>
`;
