// Jest Snapshot v1, https://goo.gl/fbAQLP

exports[`ControlPanel renders correctly 1`] = `
<section
  class="control-panel"
  id="control-panel"
>
  <div
    class="container-godee"
  >
    <div
      class="control-panel__container"
    >
      <h2
        class="control-panel__main-title"
      >
        Control Panel
      </h2>
       
      <div
        class="control-panel__automation-section"
      >
        <h3
          class="control-panel__sub-title"
        >
          Automation
        </h3>
         
        <p
          class="control-panel__description"
        >
          GoDee's rapid growth from early stages required an easy to scale business processes 
          <br />
           and an automated route management. Although, in theory, everything can be done 
          <br />
           with an army of sales representatives and route operators, GoDee wanted to automate 
          <br />
           routine operations to have an ability to expand to other cities and countries.
        </p>
         
        <p
          class="control-panel__description-bold"
        >
          
          One manager and customer support representative 
          <br />
           
          <span
            class="control-panel__description"
          >
            can manage more than
          </span>
        </p>
      </div>
       
      <div
        class="control-panel__statistics"
      >
        <div
          class="control-panel__count-item"
        >
          <div
            class="control-panel__count"
          >
            ~2500
          </div>
           
          <p
            class="control-panel__description-bold control-panel__description-bold--black"
          >
            Trip requests per month
          </p>
        </div>
         
        <div
          class="control-panel__count-item"
        >
          <div
            class="control-panel__count"
          >
            ~4500
          </div>
           
          <p
            class="control-panel__description-bold control-panel__description-bold--black"
          >
            Passengers per month
          </p>
        </div>
      </div>
    </div>
     
    <img
      alt="Control panel route line"
      class="control-panel__route-line"
      src="@/assets/img/GoDee/svg/control-panel-route-line.svg"
    />
  </div>
</section>
`;
