// Jest Snapshot v1, https://goo.gl/fbAQLP

exports[`Customer component renders correctly 1`] = `
<div
  class="valued-customers__wrapper"
>
  <img
    alt="godee"
    class="valued-customers__logo"
    src="[object Object]"
  />
   
  <span
    class="valued-customers__industry"
  >
    Transportation
  </span>
</div>
`;
