// Jest Snapshot v1, https://goo.gl/fbAQLP

exports[`Get your trusted it partner modal renders correctly 1`] = `
<modal-stub
  classes="modal_container"
  height="auto"
  name="get-your-trusted-it-partner"
>
  <button
    class="close-modal"
  >
    <img
      alt="Close modal"
      src="@/assets/img/common/close-icon.svg"
    />
  </button>
   
  <perfect-scrollbar-stub
    class="modal_scrollbar custom-scrollbar safari_only"
    options="[object Object]"
  >
    <validationobserver-stub />
  </perfect-scrollbar-stub>
</modal-stub>
`;
