// Jest Snapshot v1, https://goo.gl/fbAQLP

exports[`Meet Our Experts renders correctly 1`] = `
<section
  class="meet-our_experts"
  id="meet-our-experts"
>
  <div
    class="container"
  >
    <div
      class="meet-our_experts__main-title_wrap"
    >
      <h2
        class="meet-our_experts__main-title main-title"
      >
        Meet our experts
      </h2>
    </div>
     
    <div
      class="meet-our_experts__experts-list"
    >
      <div
        class="meet-our_experts__expert-item"
      >
        <img
          alt="Marat Bediev"
          class="meet-our_experts__expert-img"
          src="[object Object]"
        />
         
        <div
          class="meet-our_experts__expert-bottom_content"
        >
          <div
            class="meet-our_experts__expert-info"
          >
            <div
              class="meet-our_experts__expert-name"
            >
              Marat Bediev
            </div>
             
            <div
              class="meet-our_experts__expert-position"
            >
              Senior DevOps
            </div>
          </div>
           
          <a
            class="meet-our_experts__expert-linkedin_link"
            href="https://www.linkedin.com/in/marat-bediev-a973171b/"
            target="blank"
          >
            <img
              alt="Linkedin"
              class="meet-our_experts__expert-linkedin_icon"
              src="../../assets/img/Home/svg/experts/linkedin.svg"
            />
          </a>
        </div>
      </div>
      <div
        class="meet-our_experts__expert-item"
      >
        <img
          alt="Tamara Mun"
          class="meet-our_experts__expert-img"
          src="[object Object]"
        />
         
        <div
          class="meet-our_experts__expert-bottom_content"
        >
          <div
            class="meet-our_experts__expert-info"
          >
            <div
              class="meet-our_experts__expert-name"
            >
              Tamara Mun
            </div>
             
            <div
              class="meet-our_experts__expert-position"
            >
              Delivery manager
            </div>
          </div>
           
          <a
            class="meet-our_experts__expert-linkedin_link"
            href="https://www.linkedin.com/in/tamara-mun/"
            target="blank"
          >
            <img
              alt="Linkedin"
              class="meet-our_experts__expert-linkedin_icon"
              src="../../assets/img/Home/svg/experts/linkedin.svg"
            />
          </a>
        </div>
      </div>
      <div
        class="meet-our_experts__expert-item"
      >
        <img
          alt="Andrew \\"Сhuck\\" Minkin"
          class="meet-our_experts__expert-img"
          src="[object Object]"
        />
         
        <div
          class="meet-our_experts__expert-bottom_content"
        >
          <div
            class="meet-our_experts__expert-info"
          >
            <div
              class="meet-our_experts__expert-name"
            >
              Andrew "Сhuck" Minkin
            </div>
             
            <div
              class="meet-our_experts__expert-position"
            >
              CTO, Co-founder
            </div>
          </div>
           
          <a
            class="meet-our_experts__expert-linkedin_link"
            href="https://www.linkedin.com/in/andrew-minkin-700a2523/"
            target="blank"
          >
            <img
              alt="Linkedin"
              class="meet-our_experts__expert-linkedin_icon"
              src="../../assets/img/Home/svg/experts/linkedin.svg"
            />
          </a>
        </div>
      </div>
      <div
        class="meet-our_experts__expert-item"
      >
        <img
          alt="Nakylai Taiirova"
          class="meet-our_experts__expert-img"
          src="[object Object]"
        />
         
        <div
          class="meet-our_experts__expert-bottom_content"
        >
          <div
            class="meet-our_experts__expert-info"
          >
            <div
              class="meet-our_experts__expert-name"
            >
              Nakylai Taiirova
            </div>
             
            <div
              class="meet-our_experts__expert-position"
            >
              Senior Full-Stack developer
            </div>
          </div>
           
          <a
            class="meet-our_experts__expert-linkedin_link"
            href="https://www.linkedin.com/in/nakylai-taiirova-28bab859/"
            target="blank"
          >
            <img
              alt="Linkedin"
              class="meet-our_experts__expert-linkedin_icon"
              src="../../assets/img/Home/svg/experts/linkedin.svg"
            />
          </a>
        </div>
      </div>
      <div
        class="meet-our_experts__expert-item"
      >
        <img
          alt="Daria Utesheva"
          class="meet-our_experts__expert-img"
          src="[object Object]"
        />
         
        <div
          class="meet-our_experts__expert-bottom_content"
        >
          <div
            class="meet-our_experts__expert-info"
          >
            <div
              class="meet-our_experts__expert-name"
            >
              Daria Utesheva
            </div>
             
            <div
              class="meet-our_experts__expert-position"
            >
              Head of HR department
            </div>
          </div>
           
          <a
            class="meet-our_experts__expert-linkedin_link"
            href="https://www.linkedin.com/in/%D0%B4%D0%B0%D1%80%D1%8C%D1%8F-%D1%83%D1%82%D0%B5%D1%88%D0%B5%D0%B2%D0%B0-47804198/"
            target="blank"
          >
            <img
              alt="Linkedin"
              class="meet-our_experts__expert-linkedin_icon"
              src="../../assets/img/Home/svg/experts/linkedin.svg"
            />
          </a>
        </div>
      </div>
      <div
        class="meet-our_experts__expert-item"
      >
        <img
          alt="Nuradil Alymkulov"
          class="meet-our_experts__expert-img"
          src="[object Object]"
        />
         
        <div
          class="meet-our_experts__expert-bottom_content"
        >
          <div
            class="meet-our_experts__expert-info"
          >
            <div
              class="meet-our_experts__expert-name"
            >
              Nuradil Alymkulov
            </div>
             
            <div
              class="meet-our_experts__expert-position"
            >
              Senior Full-Stack developer
            </div>
          </div>
           
          <a
            class="meet-our_experts__expert-linkedin_link"
            href="https://www.linkedin.com/in/nuradil-alymkulov/"
            target="blank"
          >
            <img
              alt="Linkedin"
              class="meet-our_experts__expert-linkedin_icon"
              src="../../assets/img/Home/svg/experts/linkedin.svg"
            />
          </a>
        </div>
      </div>
      <div
        class="meet-our_experts__expert-item"
      >
        <img
          alt="Alice Jang"
          class="meet-our_experts__expert-img"
          src="[object Object]"
        />
         
        <div
          class="meet-our_experts__expert-bottom_content"
        >
          <div
            class="meet-our_experts__expert-info"
          >
            <div
              class="meet-our_experts__expert-name"
            >
              Alice Jang
            </div>
             
            <div
              class="meet-our_experts__expert-position"
            >
              Project manager
            </div>
          </div>
           
          <a
            class="meet-our_experts__expert-linkedin_link"
            href="https://www.linkedin.com/in/alice-jang-b235b240/"
            target="blank"
          >
            <img
              alt="Linkedin"
              class="meet-our_experts__expert-linkedin_icon"
              src="../../assets/img/Home/svg/experts/linkedin.svg"
            />
          </a>
        </div>
      </div>
      <div
        class="meet-our_experts__expert-item"
      >
        <img
          alt="Arthur Elizavetenkov"
          class="meet-our_experts__expert-img"
          src="[object Object]"
        />
         
        <div
          class="meet-our_experts__expert-bottom_content"
        >
          <div
            class="meet-our_experts__expert-info"
          >
            <div
              class="meet-our_experts__expert-name"
            >
              Arthur Elizavetenkov
            </div>
             
            <div
              class="meet-our_experts__expert-position"
            >
              Project manager
            </div>
          </div>
           
          <a
            class="meet-our_experts__expert-linkedin_link"
            href="https://www.linkedin.com/in/earthurkg/"
            target="blank"
          >
            <img
              alt="Linkedin"
              class="meet-our_experts__expert-linkedin_icon"
              src="../../assets/img/Home/svg/experts/linkedin.svg"
            />
          </a>
        </div>
      </div>
    </div>
  </div>
</section>
`;
