// Jest Snapshot v1, https://goo.gl/fbAQLP

exports[`Mvp renders correctly 1`] = `
<section
  class="mvp"
  id="mvp"
>
  <div
    class="container-godee"
  >
    <div
      class="mvp__container"
    >
      <div
        class="mvp__title-wrapper"
      >
        <h2
          class="mvp__main-title"
        >
          MVP
        </h2>
         
        <p
          class="mvp__description"
        >
          Before investing a considerable amount of money in building software, hiring personnel, and 
          <br />
           acquiring minibuses, GoDee wanted to develop an MVP to understand the market fit potential.
        </p>
      </div>
       
      <div
        class="mvp__phones-list"
      >
        <img
          alt="Phone"
          class="mvp__phone-item"
          src="@/assets/img/GoDee/png/mvp-sec-first-phone.png"
        />
         
        <img
          alt="Phone"
          class="mvp__phone-item"
          src="@/assets/img/GoDee/png/mvp-sec-second-phone.png"
        />
         
        <img
          alt="Phone"
          class="mvp__phone-item"
          src="@/assets/img/GoDee/png/mvp-sec-third-phone.png"
        />
      </div>
       
      <div
        class="mvp__year-item"
      >
        2018
      </div>
       
      <div
        class="mvp__tech"
      >
        <div
          class="mvp__tech-item"
        >
          <div
            class="mvp__tech-title"
          >
            Live chat
          </div>
           
          <p
            class="mvp__tech-description"
          >
            During 3 months of helping white collars to 
            <br />
             commute conveniently, the integrated live chat 
            <br />
             feature collected extensive feedback from users.
          </p>
        </div>
         
        <div
          class="mvp__tech-item"
        >
          <div
            class="mvp__tech-title"
          >
            Trip request
          </div>
           
          <p
            class="mvp__tech-description"
          >
            On top of that, the trip request feature enables GoDee 
            <br />
             to analyze actual demand for different Ho Chi Minh 
            <br />
             districts.
          </p>
        </div>
      </div>
       
      <div
        class="mvp__user-centered-solution"
      >
        <div
          class="mvp__user-centered-solution-text-content"
        >
          <div
            class="mvp__user-centered-solution-title"
          >
            User-centered solution
          </div>
           
          <p
            class="mvp__user-centered-solution-description"
          >
            Although services like GoDee exist in 
            <br />
             other parts of the world, copy-pasting 
            <br />
             the functionality was pointless as Ho 
            <br />
             Chi Minh citizens' commuting culture 
            <br />
             is different. Thus, slowly improving the 
            <br />
             solution driven by users' feedback was 
            <br />
             key to its current rapid growth.
          </p>
        </div>
         
        <img
          alt="Hands"
          class="mvp__hands-with-phone-image"
          src="@/assets/img/GoDee/svg/hands-with-phone.svg"
        />
      </div>
    </div>
  </div>
</section>
`;
