// Jest Snapshot v1, https://goo.gl/fbAQLP

exports[`Quick Project Start renders correctly 1`] = `
<section
  class="quick-project_start"
  id="quick-project-start"
>
  <div
    class="container"
  >
    <div
      class="quick-project_start__title-wrap"
    >
      <h2
        class="quick-project_start__main-title main-title"
      >
        Quick 
        <br />
         Project Start
      </h2>
    </div>
     
    <div
      class="quick-project_start__content-wrap"
    >
      <div
        class="quick-project_start__content-items_list"
      >
        <div
          class="quick-project_start__content-item"
        >
          <div
            class="quick-project_start__icon-item contact"
          >
            <span
              class="quick-project_start__icon quick-project_start__icon--contact"
            />
          </div>
           
          <div
            class="quick-project_start__text-item"
          >
            <h4
              class="quick-project_start__title sub-paragraph"
            >
              contact
            </h4>
             
            <p
              class="quick-project_start__paragraph paragraph"
            >
              Submit your project request or project idea to us.
            </p>
          </div>
        </div>
        <div
          class="quick-project_start__content-item"
        >
          <div
            class="quick-project_start__icon-item analysis"
          >
            <span
              class="quick-project_start__icon quick-project_start__icon--analysis"
            />
          </div>
           
          <div
            class="quick-project_start__text-item"
          >
            <h4
              class="quick-project_start__title sub-paragraph"
            >
              analysis
            </h4>
             
            <p
              class="quick-project_start__paragraph paragraph"
            >
              We will contact you to clarify your project requirements.
            </p>
          </div>
        </div>
        <div
          class="quick-project_start__content-item"
        >
          <div
            class="quick-project_start__icon-item proposal"
          >
            <span
              class="quick-project_start__icon quick-project_start__icon--proposal"
            />
          </div>
           
          <div
            class="quick-project_start__text-item"
          >
            <h4
              class="quick-project_start__title sub-paragraph"
            >
              proposal
            </h4>
             
            <p
              class="quick-project_start__paragraph paragraph"
            >
              We will provide you with our free, non-binding bid or a tailored proposal.
            </p>
          </div>
        </div>
        <div
          class="quick-project_start__content-item"
        >
          <div
            class="quick-project_start__icon-item team"
          >
            <span
              class="quick-project_start__icon quick-project_start__icon--team"
            />
          </div>
           
          <div
            class="quick-project_start__text-item"
          >
            <h4
              class="quick-project_start__title sub-paragraph"
            >
              team
            </h4>
             
            <p
              class="quick-project_start__paragraph paragraph"
            >
              We will assemble and prepare a team for your project.
            </p>
          </div>
        </div>
        <div
          class="quick-project_start__content-item"
        >
          <div
            class="quick-project_start__icon-item start"
          >
            <span
              class="quick-project_start__icon quick-project_start__icon--start"
            />
          </div>
           
          <div
            class="quick-project_start__text-item"
          >
            <h4
              class="quick-project_start__title sub-paragraph"
            >
              start
            </h4>
             
            <p
              class="quick-project_start__paragraph paragraph"
            >
              You will get to know the team and we’ll start the project work.
            </p>
          </div>
        </div>
      </div>
    </div>
     
    <div
      class="quick-project_start__button-wrap"
    >
      <button
        class="ui-button-modal-trigger ui-button-modal-trigger--red"
      >
        
  Submit your project

      </button>
    </div>
  </div>
</section>
`;
