// Jest Snapshot v1, https://goo.gl/fbAQLP

exports[`radio buttons list renders correctly 1`] = `
<div
  class="radio-buttons"
>
  <div
    class="radio-buttons__field-name field-name required"
  >
    field name
  </div>
   
  <div
    class="radio-buttons__radio-list"
  >
    <label
      class="radio-buttons__radio-label"
      for="digital-ocean-input id"
    >
      <input
        class="radio-buttons__radio-input"
        id="digital-ocean-input id"
        name="input id"
        type="radio"
      />
       
      <span
        class="radio-buttons__checkmark-radio"
      />
       
      <p
        class="radio-buttons__radio-text_item"
      >
        Digital Ocean
      </p>
    </label>
    <label
      class="radio-buttons__radio-label"
      for="other-input id"
    >
      <input
        class="radio-buttons__radio-input"
        id="other-input id"
        name="input id"
        type="radio"
      />
       
      <span
        class="radio-buttons__checkmark-radio"
      />
       
      <p
        class="radio-buttons__radio-text_item"
      >
        Other
      </p>
    </label>
  </div>
</div>
`;
