// Jest Snapshot v1, https://goo.gl/fbAQLP

exports[`teams Modal renders correctly 1`] = `
<div
  class="form"
>
  <div
    class="fields-list"
  >
    <div
      class="modal-field-item field-item"
    >
      <p
        class="modal-field-name field-name required"
      >
        Full Name
      </p>
       
      <input
        class="modal-entry-field entry-field"
        placeholder="John Smith"
        type="text"
      />
       
      <!---->
    </div>
     
    <div
      class="modal-field-item field-item"
    >
      <p
        class="modal-field-name field-name required"
      >
        Work email
      </p>
       
      <input
        class="modal-entry-field entry-field"
        placeholder="your@mail.com"
        type="text"
      />
       
      <!---->
    </div>
     
    <div
      class="modal-field-item field-item"
    >
      <p
        class="modal-field-name field-name"
      >
        Phone number
      </p>
       
      <input
        class="modal-entry-field entry-field"
        placeholder="+1 23X XXX-XXXX"
        type="text"
      />
       
      <!---->
    </div>
     
    <div
      class="radio-buttons"
    >
      <div
        class="radio-buttons__field-name field-name required"
      >
        Expected team size
      </div>
       
      <div
        class="radio-buttons__radio-list"
      >
        <label
          class="radio-buttons__radio-label"
          for="less-five-teams"
        >
          <input
            class="radio-buttons__radio-input"
            data-testid="test-radio-buttons"
            id="less-five-teams"
            name="teams"
            type="radio"
          />
           
          <span
            class="radio-buttons__checkmark-radio"
          />
           
          <p
            class="radio-buttons__radio-text_item"
          >
            Less than 5
          </p>
        </label>
        <label
          class="radio-buttons__radio-label"
          for="from-five-to-ten-teams"
        >
          <input
            class="radio-buttons__radio-input"
            data-testid="test-radio-buttons"
            id="from-five-to-ten-teams"
            name="teams"
            type="radio"
          />
           
          <span
            class="radio-buttons__checkmark-radio"
          />
           
          <p
            class="radio-buttons__radio-text_item"
          >
            From 5 to 10
          </p>
        </label>
        <label
          class="radio-buttons__radio-label"
          for="more-than-ten-teams"
        >
          <input
            class="radio-buttons__radio-input"
            data-testid="test-radio-buttons"
            id="more-than-ten-teams"
            name="teams"
            type="radio"
          />
           
          <span
            class="radio-buttons__checkmark-radio"
          />
           
          <p
            class="radio-buttons__radio-text_item"
          >
            More than 10
          </p>
        </label>
      </div>
    </div>
     
    <div
      class="modal-field-item field-item"
    >
      <p
        class="modal-field-name field-name"
      >
        Project description
      </p>
       
      <textarea
        class="modal-entry-field entry-field textarea"
        placeholder="Describe your project..."
        type="text"
      />
       
      <!---->
    </div>
  </div>
   
  <div
    class="form-checkboxes"
  >
    <label
      class="form-checkbox-label required"
      for="privacy-policy-teams"
    >
      I confirm that I have read and accepted
    
      <div>
        Mad Devs’
      </div>
       
      <a
        href="/privacy/"
        target="_blank"
      >
        Privacy Policy
      </a>
       
      <input
        class="form-checkbox-input"
        data-testid="test-privacy-policy-checkbox-input"
        id="privacy-policy-teams"
        name="Privacy policy"
        type="checkbox"
      />
       
      <div
        class="checkmark"
      />
    </label>
     
    <label
      class="form-checkbox-label"
      for="marketing-communications-teams"
    >
      I agree to get
    
      <div>
        Mad Devs’
      </div>
      
    discount offers and other marketing communications.
    
      <input
        class="form-checkbox-input"
        data-testid="test-form-checkbox-input"
        id="marketing-communications-teams"
        name="Marketing communications"
        type="checkbox"
      />
       
      <div
        class="checkmark"
      />
    </label>
  </div>
   
  <button
    class="ui-button modal-button ui-button--disabled"
  >
    
    Get a team of ultra fast coders
  
  </button>
</div>
`;
