// Jest Snapshot v1, https://goo.gl/fbAQLP

exports[`SoftwareDevelopment component should render correctly 1`] = `
<div>
  <section
    class="software-development"
    id="software-development"
  >
    <div
      class="container"
    >
      <h2
        class="software-development__main-title"
      >
        
      Software Development
    
      </h2>
       
      <div
        class="software-development__content"
      >
        <div
          class="content-item"
        >
          <div
            class="content-item__content-wrapper"
          >
            <div
              class="content-item__text-content"
            >
              <clientonly-stub>
                <h3
                  class="item-title content-item__title"
                >
                  
          Backend
        
                </h3>
                 
                <h4
                  class="item-sub-title content-item__sub-title"
                >
                  
          Your MVP doesn't work as expected after launch?
        
                </h4>
                 
                <p
                  class="paragraph content-item__paragraph content-item__paragraph-backend"
                  data-testid="test-paragraph"
                >
                  Let our positively mad team rescue you and create sensible server logic for your project. We'll cure your growth pains like good doctors – just tell us about them and only focus on your business.
                </p>
                <p
                  class="paragraph content-item__paragraph content-item__paragraph-backend"
                  data-testid="test-paragraph"
                >
                  At Mad Devs we know everything about:
                </p>
              </clientonly-stub>
            </div>
             
            <ul
              class="icons-list"
            >
              <li
                class="icons-list__icon-item python"
              >
                <img
                  alt="Python"
                  class="img_lazy"
                  data-src="[object Object]"
                  height="26"
                  width="26"
                />
                 
                <span>
                  Python
                </span>
              </li>
              <li
                class="icons-list__icon-item go"
              >
                <img
                  alt="Go"
                  class="img_lazy"
                  data-src="[object Object]"
                  height="26"
                  width="26"
                />
                 
                <span>
                  Go
                </span>
              </li>
              <li
                class="icons-list__icon-item node"
              >
                <img
                  alt="Node.js"
                  class="img_lazy"
                  data-src="[object Object]"
                  height="26"
                  width="26"
                />
                 
                <span>
                  Node.js
                </span>
              </li>
              <li
                class="icons-list__icon-item c"
              >
                <img
                  alt="C"
                  class="img_lazy"
                  data-src="[object Object]"
                  height="26"
                  width="26"
                />
                 
                <span>
                  C
                </span>
              </li>
              <li
                class="icons-list__icon-item typescript"
              >
                <img
                  alt="TypeScript"
                  class="img_lazy"
                  data-src="[object Object]"
                  height="26"
                  width="26"
                />
                 
                <span>
                  TypeScript
                </span>
              </li>
              <li
                class="icons-list__icon-item php"
              >
                <img
                  alt="PHP"
                  class="img_lazy"
                  data-src="[object Object]"
                  height="26"
                  width="26"
                />
                 
                <span>
                  PHP
                </span>
              </li>
              <li
                class="icons-list__icon-item ruby"
              >
                <img
                  alt="Ruby"
                  class="img_lazy"
                  data-src="[object Object]"
                  height="26"
                  width="26"
                />
                 
                <span>
                  Ruby
                </span>
              </li>
              <li
                class="icons-list__icon-item c-plus"
              >
                <img
                  alt="C++"
                  class="img_lazy"
                  data-src="[object Object]"
                  height="26"
                  width="26"
                />
                 
                <span>
                  C++
                </span>
              </li>
            </ul>
          </div>
        </div>
        <div
          class="content-item"
        >
          <div
            class="content-item__content-wrapper"
          >
            <div
              class="content-item__text-content"
            >
              <clientonly-stub>
                <h3
                  class="item-title content-item__title"
                >
                  
          Frontend
        
                </h3>
                 
                <h4
                  class="item-sub-title content-item__sub-title"
                >
                  
          Your users get lost in lousy interfaces?
        
                </h4>
                 
                <p
                  class="paragraph content-item__paragraph content-item__paragraph-frontend"
                  data-testid="test-paragraph"
                >
                  Our wizards will take your UX magic to the next level where everything is intuitive and 
                  <span>
                    user-friendly.
                  </span>
                   
                  <span>
                    Mad Devs
                  </span>
                   strive to get involved with 
                  <span>
                    well-polished
                  </span>
                   projects that will live a long life.
                </p>
                <p
                  class="paragraph content-item__paragraph content-item__paragraph-frontend"
                  data-testid="test-paragraph"
                >
                  We work with the best 
                  <span>
                    present-day
                  </span>
                   frontend stack:
                </p>
              </clientonly-stub>
            </div>
             
            <ul
              class="icons-list"
            >
              <li
                class="icons-list__icon-item js"
              >
                <img
                  alt="JavaScript"
                  class="img_lazy"
                  data-src="[object Object]"
                  height="26"
                  width="26"
                />
                 
                <span>
                  JavaScript
                </span>
              </li>
              <li
                class="icons-list__icon-item react"
              >
                <img
                  alt="React"
                  class="img_lazy"
                  data-src="[object Object]"
                  height="26"
                  width="26"
                />
                 
                <span>
                  React
                </span>
              </li>
              <li
                class="icons-list__icon-item babel"
              >
                <img
                  alt="Babel"
                  class="img_lazy"
                  data-src="[object Object]"
                  height="26"
                  width="26"
                />
                 
                <span>
                  Babel
                </span>
              </li>
              <li
                class="icons-list__icon-item vue"
              >
                <img
                  alt="Vue"
                  class="img_lazy"
                  data-src="[object Object]"
                  height="26"
                  width="26"
                />
                 
                <span>
                  Vue
                </span>
              </li>
              <li
                class="icons-list__icon-item post-css"
              >
                <img
                  alt="PostCSS"
                  class="img_lazy"
                  data-src="[object Object]"
                  height="26"
                  width="26"
                />
                 
                <span>
                  PostCSS
                </span>
              </li>
              <li
                class="icons-list__icon-item angular"
              >
                <img
                  alt="Angular"
                  class="img_lazy"
                  data-src="[object Object]"
                  height="26"
                  width="26"
                />
                 
                <span>
                  Angular
                </span>
              </li>
              <li
                class="icons-list__icon-item nuxt"
              >
                <img
                  alt="Nuxt.js"
                  class="img_lazy"
                  data-src="[object Object]"
                  height="26"
                  width="26"
                />
                 
                <span>
                  Nuxt.js
                </span>
              </li>
              <li
                class="icons-list__icon-item sass"
              >
                <img
                  alt="SASS"
                  class="img_lazy"
                  data-src="[object Object]"
                  height="26"
                  width="26"
                />
                 
                <span>
                  SASS
                </span>
              </li>
            </ul>
          </div>
        </div>
        <div
          class="content-item"
        >
          <div
            class="content-item__content-wrapper"
          >
            <div
              class="content-item__text-content"
            >
              <clientonly-stub>
                <h3
                  class="item-title content-item__title"
                >
                  
          Mobile
        
                </h3>
                 
                <h4
                  class="item-sub-title content-item__sub-title"
                >
                  
          Your app is slow and unable to survive a demo?
        
                </h4>
                 
                <p
                  class="paragraph content-item__paragraph content-item__paragraph-mobile"
                  data-testid="test-paragraph"
                >
                  We understand that your success is our reputation, so we want your apps to be awesome. Our team will deliver an app that you'll be ecstatic to use yourself.
                </p>
                <p
                  class="paragraph content-item__paragraph content-item__paragraph-mobile"
                  data-testid="test-paragraph"
                >
                  We do both iOS and Android development using the following languages and frameworks:
                </p>
              </clientonly-stub>
            </div>
             
            <ul
              class="icons-list"
            >
              <li
                class="icons-list__icon-item android"
              >
                <img
                  alt="Android"
                  class="img_lazy"
                  data-src="[object Object]"
                  height="26"
                  width="26"
                />
                 
                <span>
                  Android
                </span>
              </li>
              <li
                class="icons-list__icon-item kotlin"
              >
                <img
                  alt="Kotlin"
                  class="img_lazy"
                  data-src="[object Object]"
                  height="26"
                  width="26"
                />
                 
                <span>
                  Kotlin
                </span>
              </li>
              <li
                class="icons-list__icon-item java"
              >
                <img
                  alt="Java"
                  class="img_lazy"
                  data-src="[object Object]"
                  height="26"
                  width="26"
                />
                 
                <span>
                  Java
                </span>
              </li>
              <li
                class="icons-list__icon-item firebase"
              >
                <img
                  alt="Firebase"
                  class="img_lazy"
                  data-src="[object Object]"
                  height="26"
                  width="26"
                />
                 
                <span>
                  Firebase
                </span>
              </li>
              <li
                class="icons-list__icon-item apple"
              >
                <img
                  alt="iOS"
                  class="img_lazy"
                  data-src="[object Object]"
                  height="26"
                  width="26"
                />
                 
                <span>
                  iOS
                </span>
              </li>
              <li
                class="icons-list__icon-item obj-c"
              >
                <img
                  alt="Objective-C"
                  class="img_lazy"
                  data-src="[object Object]"
                  height="26"
                  width="26"
                />
                 
                <span>
                  Objective-C
                </span>
              </li>
              <li
                class="icons-list__icon-item swift"
              >
                <img
                  alt="Swift"
                  class="img_lazy"
                  data-src="[object Object]"
                  height="26"
                  width="26"
                />
                 
                <span>
                  Swift
                </span>
              </li>
              <li
                class="icons-list__icon-item flutter"
              >
                <img
                  alt="Flutter"
                  class="img_lazy"
                  data-src="[object Object]"
                  height="26"
                  width="26"
                />
                 
                <span>
                  Flutter
                </span>
              </li>
            </ul>
          </div>
        </div>
      </div>
       
      <button
        class="ui-button-modal-trigger software-development__button ui-button-modal-trigger--grey"
      >
        
  Get your trusted IT partner

      </button>
    </div>
     
    <transition-stub
      mode="out-in"
      name="main-fade"
    >
      <!---->
    </transition-stub>
  </section>
</div>
`;
