// Jest Snapshot v1, https://goo.gl/fbAQLP

exports[`careers page renders correctly 1`] = `
<div
  class="table-of-contents"
>
  <div
    class="table-of-contents__title"
  >
    
    Contents:
  
  </div>
   
  <simplebar-stub
    class="table-of-contents__links"
  >
    <nuxtlink-stub
      class="table-of-contents__links-link"
      to="#blog-post-title"
    >
      <span>
        1.
      </span>
       Blog post title
    
    </nuxtlink-stub>
  </simplebar-stub>
</div>
`;
