// Jest Snapshot v1, https://goo.gl/fbAQLP

exports[`Projects page should render correctly 1`] = `
<div>
  <main
    class="main"
  >
    <div
      class="banner__banner-container banner-container"
    >
      <div
        class="banner__banner-content banner-content"
      >
        <div
          class="banner__main-title-wrapper main-title-wrapper container"
        >
          <h1
            class="banner__banner-main_title banner-main_title"
          >
            
        Check out our 
            <br />
             
            <span
              class="banner__main-title-white_part main-title-white_part"
            >
              
          50+
          
              <br
                class="banner__small-screen-break"
              />
              
          implemented
          
              <br />
              
          projects!
        
            </span>
          </h1>
        </div>
         
        <div
          class="navigation-wrap container navigation-wrap-"
        >
          <nav
            class="navigation-list navigation-list-"
          >
            <nuxtlink-stub
              class="navigation-item"
              to="#case-studies"
            >
              
      Case studies
    
            </nuxtlink-stub>
            <nuxtlink-stub
              class="navigation-item"
              to="#customers"
            >
              
      Our customers
    
            </nuxtlink-stub>
            <nuxtlink-stub
              class="navigation-item"
              to="#open-source"
            >
              
      Open-source pet projects
    
            </nuxtlink-stub>
             
          </nav>
        </div>
      </div>
    </div>
     
    <section
      class="case-studies case-studies--projects"
      id="case-studies"
    >
      <div
        class="container"
      >
        <div>
          <h2
            class="case-studies__main-title case-studies__main-title-projects"
          >
            
        Case 
            <br />
            
        Studies
      
          </h2>
           
          <div
            class="case-studies__fire-icon"
          />
        </div>
         
        <div
          class="projects"
        >
          <a
            class="single-project"
            href="/case-studies/namba-food/"
            style="background: rgb(248, 247, 246);"
            target="_self"
          >
            <div
              class="single-project__container single-project_black-letters-theme"
            >
              <div
                class="single-project__content-wrap"
              >
                <img
                  alt="Namba Food Contactless Delivery Service\`s Logo."
                  class="img_lazy single-project__logo"
                  data-src="[object Object]"
                  height="41"
                  width="104"
                />
                 
                <h3
                  class="single-project__sub-title"
                >
                  Contactless Delivery Service
                </h3>
                 
                <p
                  class="single-project__paragraph paragraph"
                >
                  
        Mad Devs created the Namba Food delivery service from scratch. The solution orchestrates feature-rich apps for couriers, end-users, and business owners.
      
                </p>
                 
                <div
                  class="contribution-widget"
                >
                  <img
                    alt="Mad Devs logo"
                    class="contribution-widget__img img_lazy"
                    data-src="[object Object]"
                    height="18"
                    width="20"
                  />
                   
                  <span
                    class="contribution-widget__content contribution-widget__content_nambafood"
                  >
                    
          contribution: Backend, Infrastructure, Frontend
        
                  </span>
                </div>
              </div>
               
              <div
                class="single-project__background single-project__nambafoodBackground"
              >
                <picture>
                  <source
                    class="multi-image"
                    data-srcset="[object Object] ,[object Object] 2x"
                    type="image/webp"
                  />
                   
                  <img
                    alt="Namba Food Contactless Delivery Service\`s Logo."
                    class="img_lazy"
                    data-src="[object Object]"
                    data-srcset="[object Object] 2x"
                    height="294"
                    width="610"
                  />
                </picture>
              </div>
            </div>
          </a>
          <a
            class="single-project"
            href="/case-studies/sir-john-monash-centre/"
            style="background: rgb(34, 31, 32);"
            target="_self"
          >
            <div
              class="single-project__container single-project_white-letters-theme"
            >
              <div
                class="single-project__content-wrap"
              >
                <img
                  alt="General John Monash The Australian War Memorial\`s Logo."
                  class="img_lazy single-project__logo"
                  data-src="[object Object]"
                  height="41"
                  width="91.5"
                />
                 
                <h3
                  class="single-project__sub-title"
                >
                  Australian National Interpretive Centre
                </h3>
                 
                <p
                  class="single-project__paragraph paragraph"
                >
                  
        Mad Devs engineers helped Sir John Monash Centre to enhance and maintain the BYOD multimedia technology.
      
                </p>
                 
                <div
                  class="contribution-widget"
                >
                  <img
                    alt="Mad Devs logo"
                    class="contribution-widget__img img_lazy"
                    data-src="[object Object]"
                    height="18"
                    width="20"
                  />
                   
                  <span
                    class="contribution-widget__content contribution-widget__content_sjmc"
                  >
                    
          contribution: Backend, Infrastructure, Frontend
        
                  </span>
                </div>
              </div>
               
              <div
                class="single-project__background single-project__sjmcBackground"
              >
                <picture>
                  <source
                    class="multi-image"
                    data-srcset="[object Object] ,[object Object] 2x"
                    type="image/webp"
                  />
                   
                  <img
                    alt="General John Monash The Australian War Memorial\`s Logo."
                    class="img_lazy"
                    data-src="[object Object]"
                    data-srcset="[object Object] 2x"
                    height="294"
                    width="610"
                  />
                </picture>
              </div>
            </div>
          </a>
          <a
            class="single-project"
            href="/case-studies/yourcast/"
            style="background: rgb(34, 31, 32);"
            target="_self"
          >
            <div
              class="single-project__container single-project_white-letters-theme"
            >
              <div
                class="single-project__content-wrap"
              >
                <img
                  alt="Yourcast.TV Logo."
                  class="img_lazy single-project__logo"
                  data-src="[object Object]"
                  height="41"
                  width="158"
                />
                 
                <h3
                  class="single-project__sub-title"
                >
                  The Evolution 
                  <br />
                   of Yourcast.TV
                </h3>
                 
                <p
                  class="single-project__paragraph paragraph"
                >
                  
        Mad Devs developed a secure and private video streaming service and live video broadcasting cinema to provide entertainment experience to isolated groups feeling homesick.
      
                </p>
                 
                <div
                  class="contribution-widget"
                >
                  <img
                    alt="Mad Devs logo"
                    class="contribution-widget__img img_lazy"
                    data-src="[object Object]"
                    height="18"
                    width="20"
                  />
                   
                  <span
                    class="contribution-widget__content contribution-widget__content_yourcast"
                  >
                    
          contribution: Backend, Infrastructure, Frontend
        
                  </span>
                </div>
              </div>
               
              <div
                class="single-project__background single-project__yourcastBackground"
              >
                <picture>
                  <source
                    class="multi-image"
                    data-srcset="[object Object] ,[object Object] 2x"
                    type="image/webp"
                  />
                   
                  <img
                    alt="Yourcast.TV Logo."
                    class="img_lazy"
                    data-src="[object Object]"
                    data-srcset="[object Object] 2x"
                    height="294"
                    width="610"
                  />
                </picture>
              </div>
            </div>
          </a>
          <a
            class="single-project"
            href="/case-studies/godee/"
            style="background: rgb(255, 106, 1);"
            target="_self"
          >
            <div
              class="single-project__container single-project_black-letters-theme"
            >
              <div
                class="single-project__content-wrap"
              >
                <img
                  alt="GoDee Bus Transportation Services Logo."
                  class="img_lazy single-project__logo"
                  data-src="[object Object]"
                  height="41"
                  width="121"
                />
                 
                <h3
                  class="single-project__sub-title"
                >
                  Convenient shuttle bus service
                </h3>
                 
                <p
                  class="single-project__paragraph paragraph"
                >
                  
        Mad Devs helped GoDee with developing feature-rich software to re-invent public mobility by building new smart ways of a daily commute.
      
                </p>
                 
                <div
                  class="contribution-widget"
                >
                  <img
                    alt="Mad Devs logo"
                    class="contribution-widget__img img_lazy"
                    data-src="[object Object]"
                    height="18"
                    width="20"
                  />
                   
                  <span
                    class="contribution-widget__content contribution-widget__content_godee"
                  >
                    
          contribution: Backend, Infrastructure, Mobile Apps
        
                  </span>
                </div>
              </div>
               
              <div
                class="single-project__background single-project__godeeBackground"
              >
                <picture>
                  <source
                    class="multi-image"
                    data-srcset="[object Object] ,[object Object] 2x"
                    type="image/webp"
                  />
                   
                  <img
                    alt="GoDee Bus Transportation Services Logo."
                    class="img_lazy"
                    data-src="[object Object]"
                    data-srcset="[object Object] 2x"
                    height="294"
                    width="610"
                  />
                </picture>
              </div>
            </div>
          </a>
        </div>
      </div>
    </section>
     
    <section
      class="customers"
      id="customers"
    >
      <div
        class="container"
      >
        <div
          class="customers__text-content"
        >
          <h2
            class="customers__main-title"
          >
            
        Our valued customers
      
          </h2>
           
          <p
            class="customers__description"
          >
            
        Due to our NDAs and confidentiality requirements, we cannot disclose details for all of our customers. These
        are a few of the companies we work with.
      
          </p>
        </div>
         
        <div
          class="customers__customers-list"
        >
          <div
            class="icon-wrapper"
          >
            <div
              class="icon-wrapper__icon icon-wrapper__godee-icon"
            />
          </div>
          <div
            class="icon-wrapper"
          >
            <div
              class="icon-wrapper__icon icon-wrapper__guardrails-icon"
            />
          </div>
          <div
            class="icon-wrapper"
          >
            <div
              class="icon-wrapper__icon icon-wrapper__teacherly-icon"
            />
          </div>
          <div
            class="icon-wrapper"
          >
            <div
              class="icon-wrapper__icon icon-wrapper__triggermesh-icon"
            />
          </div>
          <div
            class="icon-wrapper"
          >
            <div
              class="icon-wrapper__icon icon-wrapper__clutch-icon"
            />
          </div>
          <div
            class="icon-wrapper"
          >
            <div
              class="icon-wrapper__icon icon-wrapper__eatigo-icon"
            />
          </div>
          <div
            class="icon-wrapper"
          >
            <div
              class="icon-wrapper__icon icon-wrapper__veeqo-icon"
            />
          </div>
          <div
            class="icon-wrapper"
          >
            <div
              class="icon-wrapper__icon icon-wrapper__admitad-icon"
            />
          </div>
          <div
            class="icon-wrapper"
          >
            <div
              class="icon-wrapper__icon icon-wrapper__iotsploit-icon"
            />
          </div>
          <div
            class="icon-wrapper"
          >
            <div
              class="icon-wrapper__icon icon-wrapper__sir-jonas-icon"
            />
          </div>
          <div
            class="icon-wrapper"
          >
            <div
              class="icon-wrapper__icon icon-wrapper__progressay-icon"
            />
          </div>
          <div
            class="icon-wrapper"
          >
            <div
              class="icon-wrapper__icon icon-wrapper__kickoico-icon"
            />
          </div>
          <div
            class="icon-wrapper"
          >
            <div
              class="icon-wrapper__icon icon-wrapper__nambafood-icon"
            />
          </div>
          <div
            class="icon-wrapper"
          >
            <div
              class="icon-wrapper__icon icon-wrapper__showmebishkek-icon"
            />
          </div>
          <div
            class="icon-wrapper"
          >
            <div
              class="icon-wrapper__icon icon-wrapper__mythril-icon"
            />
          </div>
          <div
            class="icon-wrapper"
          >
            <div
              class="icon-wrapper__icon icon-wrapper__seso-icon"
            />
          </div>
          <div
            class="icon-wrapper"
          >
            <div
              class="icon-wrapper__icon icon-wrapper__tengri-icon"
            />
          </div>
          <div
            class="icon-wrapper"
          >
            <div
              class="icon-wrapper__icon icon-wrapper__peklo-icon"
            />
          </div>
        </div>
      </div>
    </section>
     
    <section
      class="open-source"
      id="open-source"
    >
      <div
        class="container"
      >
        <div
          class="open-source__top-text-content"
        >
          <h3
            class="open-source__main-title"
          >
            
        Our code - available in open source - is used by many other companies.
      
          </h3>
           
          <div
            class="open-source__github-wrap"
          >
            <p
              class="open-source__description"
            >
              
          70+ of 
              <span>
                Mad Devs'
              </span>
               pet projects have been shared with 
              <br
                class="open-source__descktop-break"
              />
              
          the community via
          
              <span
                class="open-source__mobile-icon-wrapper"
              >
                GitHub.
            
                <a
                  class="open-source__github-icon-mobile"
                  href="https://github.com/maddevsio"
                  target="_blank"
                />
              </span>
            </p>
             
            <a
              class="open-source__github-icon"
              href="https://github.com/maddevsio"
              target="_blank"
            />
          </div>
        </div>
         
        <div
          class="open-source__projects row"
        >
          <div
            class="col-xl-4 col-lg-4 col-md-6"
          >
            <div
              class="open-source__project open-source__project-mad-location"
            >
              <a
                class="open-source__project-link"
                href="https://github.com/maddevsio/mad-location-manager"
                target="_blank"
              >
                <div
                  class="open-source__content-wrap"
                >
                  <div
                    class="open-source__icon open-source__mad-location"
                  />
                </div>
                 
                <p
                  class="open-source__paragraph"
                >
                  А library for GPS and accelerometer data "fusion" with a Kalman filter.
                </p>
              </a>
            </div>
          </div>
          <div
            class="col-xl-4 col-lg-4 col-md-6"
          >
            <div
              class="open-source__project open-source__project-comedian"
            >
              <a
                class="open-source__project-link"
                href="https://github.com/maddevsio/comedian"
                target="_blank"
              >
                <div
                  class="open-source__content-wrap"
                >
                  <div
                    class="open-source__icon open-source__comedian"
                  />
                </div>
                 
                <p
                  class="open-source__paragraph"
                >
                  A 
                  <span>
                    team-management
                  </span>
                   system leveraging Slack and Telegram bot functionalities to enable remote standups and track daily performance.
                </p>
              </a>
            </div>
          </div>
          <div
            class="col-xl-4 col-lg-4 col-md-6"
          >
            <div
              class="open-source__project open-source__project-ariadna"
            >
              <a
                class="open-source__project-link"
                href="https://github.com/maddevsio/ariadna"
                target="_blank"
              >
                <div
                  class="open-source__content-wrap"
                >
                  <div
                    class="open-source__icon open-source__ariadna"
                  />
                </div>
                 
                <p
                  class="open-source__paragraph"
                >
                  An 
                  <span>
                    open-source
                  </span>
                   geocoder, built on top of ElasticSearch, for fast geocoding and better search for CIS countries.
                </p>
              </a>
            </div>
          </div>
          <div
            class="col-xl-4 col-lg-4 col-md-6"
          >
            <div
              class="open-source__project open-source__project-id-match"
            >
              <a
                class="open-source__project-link"
                href="https://github.com/maddevsio/idmatch"
                target="_blank"
              >
                <div
                  class="open-source__content-wrap"
                >
                  <div
                    class="open-source__icon open-source__id-match"
                  />
                </div>
                 
                <p
                  class="open-source__paragraph"
                >
                  An open source tool enabling ID cards recognition to ensure security on your premises.
                </p>
              </a>
            </div>
          </div>
          <div
            class="col-xl-4 col-lg-4 col-md-6"
          >
            <div
              class="open-source__project open-source__project-your-cast"
            >
              <a
                class="open-source__project-link"
                href="https://github.com/maddevsio/yourcast.tv"
                target="_blank"
              >
                <div
                  class="open-source__content-wrap"
                >
                  <div
                    class="open-source__icon open-source__your-cast"
                  />
                </div>
                 
                <p
                  class="open-source__paragraph"
                >
                  A solution to create lists of YouTube videos and stream them online in just a few seconds.
                </p>
              </a>
            </div>
          </div>
          <div
            class="col-xl-4 col-lg-4 col-md-6"
          >
            <div
              class="open-source__project open-source__project-heimdall"
            >
              <a
                class="open-source__project-link"
                href="https://github.com/maddevsio/heimdall"
                target="_blank"
              >
                <div
                  class="open-source__content-wrap"
                >
                  <div
                    class="open-source__icon open-source__heimdall"
                  />
                </div>
                 
                <p
                  class="open-source__paragraph"
                >
                  A 
                  <span>
                    security-monitoring
                  </span>
                   solution for Ethereum smart contracts.
                </p>
              </a>
            </div>
          </div>
        </div>
         
        <a
          class="open-source__github-link"
          href="https://github.com/maddevsio"
          target="_blank"
        >
          View more on GitHub
        </a>
      </div>
    </section>
  </main>
</div>
`;
