// Jest Snapshot v1, https://goo.gl/fbAQLP

exports[`Main component should render correctly 1`] = `
<div>
  <section
    class="home"
  >
    <div
      class="body-content"
    >
      <div
        class="featured-post container"
      >
        <div
          class="row featured-post__wrapper"
        >
          <div
            class="col-12 col-lg-6 featured-post__main"
          >
            <h1
              class="featured-post__title background-grey animated"
            />
             
            <p
              class="featured-post__paragraph background-grey animated"
            />
             
            <div
              class="featured-post__data d-flex justify-content-between"
            >
              <div
                class="featured-post__meta"
              >
                <span
                  class="created-at"
                />
              </div>
            </div>
          </div>
           
          <div
            class="col-12 col-lg-6 featured-post__image-wrapper"
          >
            <div
              class="featured-post__image background-grey animated"
            />
          </div>
        </div>
      </div>
    </div>
     
    <div
      class="latest-posts"
    >
      <div
        class="container"
      >
        <div
          class="latest-posts__wrapper"
        />
      </div>
    </div>
     
    <section
      class="customer-university"
    >
      <div
        class="container"
      >
        <div
          class="customer-university__title"
        >
          
      Customer
          <br />
           
          <span>
            University
          </span>
        </div>
         
        <div
          class="customer-university__wrapper"
        >
          <div
            class="customer-university__featured-post"
          >
            <!---->
          </div>
           
          <div
            class="customer-university__list"
          >
            <div
              class="customer-university__list-wrapper"
            >
              <span
                class="customer-university__list-title"
              >
                Series of articles:
              </span>
               
              <div />
               
              <div
                class="customer-university__list-show-more-wrapper"
              >
                <!---->
              </div>
            </div>
          </div>
        </div>
      </div>
    </section>
     
    <div
      class="filtered-posts"
    >
      <div
        class="container"
      >
        <div
          class="filter"
        >
          <div
            data-simplebar="init"
          >
            <div
              class="simplebar-wrapper"
            >
              <div
                class="simplebar-height-auto-observer-wrapper"
              >
                <div
                  class="simplebar-height-auto-observer"
                />
              </div>
               
              <div
                class="simplebar-mask"
              >
                <div
                  class="simplebar-offset"
                  style="right: 0px; bottom: 0px;"
                >
                  <div
                    class="simplebar-content-wrapper"
                    style="height: auto; overflow-x: hidden; overflow-y: hidden;"
                  >
                    <div
                      class="simplebar-content"
                    >
                      <ul
                        class="filter-list"
                      >
                        <li
                          class="filter-item__wrapper"
                        >
                          <div
                            class="filter-item"
                          >
                            <input
                              class="radio-input"
                              data-testid="test-post-input"
                              id="Editors Pick"
                              name="Tag"
                              type="radio"
                              value="Editors Pick"
                            />
                             
                            <label
                              class="filter-label"
                              for="Editors Pick"
                            >
                              Editors Pick
                            </label>
                          </div>
                        </li>
                        <li
                          class="filter-item__wrapper"
                        >
                          <div
                            class="filter-item"
                          >
                            <input
                              class="radio-input"
                              data-testid="test-post-input"
                              id="Software Development"
                              name="Tag"
                              type="radio"
                              value="Software Development"
                            />
                             
                            <label
                              class="filter-label"
                              for="Software Development"
                            >
                              Software Development
                            </label>
                          </div>
                        </li>
                        <li
                          class="filter-item__wrapper"
                        >
                          <div
                            class="filter-item"
                          >
                            <input
                              class="radio-input"
                              data-testid="test-post-input"
                              id="Mobile Development"
                              name="Tag"
                              type="radio"
                              value="Mobile Development"
                            />
                             
                            <label
                              class="filter-label"
                              for="Mobile Development"
                            >
                              Mobile Development
                            </label>
                          </div>
                        </li>
                        <li
                          class="filter-item__wrapper"
                        >
                          <div
                            class="filter-item"
                          >
                            <input
                              class="radio-input"
                              data-testid="test-post-input"
                              id="Project Management"
                              name="Tag"
                              type="radio"
                              value="Project Management"
                            />
                             
                            <label
                              class="filter-label"
                              for="Project Management"
                            >
                              Project Management
                            </label>
                          </div>
                        </li>
                        <li
                          class="filter-item__wrapper"
                        >
                          <div
                            class="filter-item"
                          >
                            <input
                              class="radio-input"
                              data-testid="test-post-input"
                              id="Hardware"
                              name="Tag"
                              type="radio"
                              value="Hardware"
                            />
                             
                            <label
                              class="filter-label"
                              for="Hardware"
                            >
                              Hardware
                            </label>
                          </div>
                        </li>
                        <li
                          class="filter-item__wrapper"
                        >
                          <div
                            class="filter-item"
                          >
                            <input
                              class="radio-input"
                              data-testid="test-post-input"
                              id="Job Opening"
                              name="Tag"
                              type="radio"
                              value="Job Opening"
                            />
                             
                            <label
                              class="filter-label"
                              for="Job Opening"
                            >
                              Job Opening
                            </label>
                          </div>
                        </li>
                      </ul>
                    </div>
                  </div>
                </div>
              </div>
               
              <div
                class="simplebar-placeholder"
                style="width: 0px; height: 0px;"
              />
            </div>
             
            <div
              class="simplebar-track simplebar-horizontal"
              style="visibility: hidden;"
            >
              <div
                class="simplebar-scrollbar"
                style="width: 0px; display: none;"
              />
            </div>
             
            <div
              class="simplebar-track simplebar-vertical"
              style="visibility: hidden;"
            >
              <div
                class="simplebar-scrollbar"
                style="height: 0px; display: none;"
              />
            </div>
          </div>
        </div>
         
        <div
          class="filtered-posts__wrapper"
        >
          <section
            class="filtered-posts__single-post"
            post="[object Object]"
          >
            <div
              class="single-post__wrapper"
              data-testid="test-single-post"
            >
              <nuxtlink-stub
                class=""
                class-name="filtered-post"
                to="/blog/software-architecture-design/"
              >
                <div
                  class="blog-post"
                >
                  <img
                    alt="Application Design Proccess."
                    class="blog-post__image img_lazy"
                    data-src="https://images.prismic.io/superpupertest/93d447b6-2865-4da7-ad2c-5cd07c98d4e3_8.jpeg?auto=compress,format&rect=0,1,1400,759&w=983&h=533"
                    height="217"
                    width="400"
                  />
                   
                  <div>
                    <h2
                      class="blog-post__title blog-post__title--short"
                      title="text"
                    >
                      
        text
      
                    </h2>
                     
                    <h2
                      class="blog-post__title blog-post__title--very-short"
                      title="text"
                    >
                      
        text
      
                    </h2>
                     
                    <h2
                      class="blog-post__title blog-post__title--full"
                      title="text"
                    >
                      
        text
      
                    </h2>
                     
                    <p
                      class="blog-post__paragraph"
                      data-testid="test-blog-post"
                    >
                      
        Hello, everyone!Today, I would like to introduce you to the world of application design.Designing applications can be called a multidisciplinary...
      
                    </p>
                     
                    <div
                      class="blog-post__meta"
                    >
                      <span
                        class="created-at"
                      >
                        Dec 17, 2020
                      </span>
                       
                      <span
                        class="tag"
                      >
                        Backend development
                      </span>
                    </div>
                     
                    <div
                      class="blog-post__author"
                    >
                      <img
                        alt="text"
                        class="blog-post__author-image img_lazy"
                        data-src="https://images.prismic.io/superpupertest/002ba1c8-1a49-4213-bdd0-84764643fcf0_Nuradil.jpg?auto=compress,format&rect=451,0,3277,3277&w=40&h=40"
                      />
                       
                      <div
                        class="blog-post__author-info"
                      >
                        <p
                          class="blog-post__author-name"
                        >
                          
      text
    
                        </p>
                         
                        <div
                          class="blog-post__data-of-creation"
                        >
                          <span
                            class="blog-post__author-title"
                          >
                            Senior full-stack developer
                          </span>
                        </div>
                      </div>
                    </div>
                  </div>
                </div>
              </nuxtlink-stub>
            </div>
          </section>
          <section
            class="filtered-posts__single-post"
            post="[object Object]"
          >
            <div
              class="single-post__wrapper"
              data-testid="test-single-post"
            >
              <nuxtlink-stub
                class=""
                class-name="filtered-post"
                to="/blog/how-to-make-three-paid-eta-services-one-free/"
              >
                <div
                  class="blog-post"
                >
                  <img
                    alt="How to Make Three Paid ETA Services One Free."
                    class="blog-post__image img_lazy"
                    data-src="https://images.prismic.io/superpupertest/7b3c67c5-b80e-488d-ad0e-e90745ede392_1_q9EOHqrYhaLpY1ZIL0C4Qw.jpeg?auto=compress,format&rect=0,1,1260,683&w=983&h=533"
                    height="217"
                    width="400"
                  />
                   
                  <div>
                    <h2
                      class="blog-post__title blog-post__title--short"
                      title="text"
                    >
                      
        text
      
                    </h2>
                     
                    <h2
                      class="blog-post__title blog-post__title--very-short"
                      title="text"
                    >
                      
        text
      
                    </h2>
                     
                    <h2
                      class="blog-post__title blog-post__title--full"
                      title="text"
                    >
                      
        text
      
                    </h2>
                     
                    <p
                      class="blog-post__paragraph"
                      data-testid="test-blog-post"
                    >
                      
        This is a story on how to not spend even a penny by using three ETA (estimated time of arrival) services instead of one. Everything is based on my...
      
                    </p>
                     
                    <div
                      class="blog-post__meta"
                    >
                      <span
                        class="created-at"
                      >
                        Dec 17, 2020
                      </span>
                       
                      <span
                        class="tag"
                      >
                        Mobile Development
                      </span>
                    </div>
                     
                    <div
                      class="blog-post__author"
                    >
                      <img
                        alt="text"
                        class="blog-post__author-image img_lazy"
                        data-src="https://images.prismic.io/superpupertest/c30a343a-6be0-4fdf-8278-423440811478_Meder+Akkozov.jpg?auto=compress,format&rect=0,37,4016,4016&w=40&h=40"
                      />
                       
                      <div
                        class="blog-post__author-info"
                      >
                        <p
                          class="blog-post__author-name"
                        >
                          
      text
    
                        </p>
                         
                        <div
                          class="blog-post__data-of-creation"
                        >
                          <span
                            class="blog-post__author-title"
                          >
                            Backend developer
                          </span>
                        </div>
                      </div>
                    </div>
                  </div>
                </div>
              </nuxtlink-stub>
            </div>
          </section>
          <section
            class="filtered-posts__single-post"
            post="[object Object]"
          >
            <div
              class="single-post__wrapper"
              data-testid="test-single-post"
            >
              <nuxtlink-stub
                class=""
                class-name="filtered-post"
                to="/blog/web-app-deploy-to-glitch/"
              >
                <div
                  class="blog-post"
                >
                  <img
                    alt="Glitch.com + Node.js."
                    class="blog-post__image img_lazy"
                    data-src="https://images.prismic.io/superpupertest/1642c64c-6482-41c1-9a2e-c76c1040caa4_Glitch2.png?auto=compress,format&rect=0,5,680,369&w=983&h=533"
                    height="217"
                    width="400"
                  />
                   
                  <div>
                    <h2
                      class="blog-post__title blog-post__title--short"
                      title="text"
                    >
                      
        text
      
                    </h2>
                     
                    <h2
                      class="blog-post__title blog-post__title--very-short"
                      title="text"
                    >
                      
        text
      
                    </h2>
                     
                    <h2
                      class="blog-post__title blog-post__title--full"
                      title="text"
                    >
                      
        text
      
                    </h2>
                     
                    <p
                      class="blog-post__paragraph"
                      data-testid="test-blog-post"
                    >
                      
        So, this is the second part of my interaction with Glitch.com and in this part, we will talk about deployment methods, both standard and non-standard...
      
                    </p>
                     
                    <div
                      class="blog-post__meta"
                    >
                      <span
                        class="created-at"
                      >
                        Dec 01, 2020
                      </span>
                       
                      <span
                        class="tag"
                      >
                        Frontend development
                      </span>
                    </div>
                     
                    <div
                      class="blog-post__author"
                    >
                      <img
                        alt="text"
                        class="blog-post__author-image img_lazy"
                        data-src="https://images.prismic.io/superpupertest/a4638fd8-2510-44f4-b5a7-471836923dca_1_eVhokCn81jDjA64R5plVuA.png?auto=compress,format&rect=0,0,262,262&w=40&h=40"
                      />
                       
                      <div
                        class="blog-post__author-info"
                      >
                        <p
                          class="blog-post__author-name"
                        >
                          
      text
    
                        </p>
                         
                        <div
                          class="blog-post__data-of-creation"
                        >
                          <span
                            class="blog-post__author-title"
                          >
                            Full stack developer
                          </span>
                        </div>
                      </div>
                    </div>
                  </div>
                </div>
              </nuxtlink-stub>
            </div>
          </section>
          <section
            class="filtered-posts__single-post"
            post="[object Object]"
          >
            <div
              class="single-post__wrapper"
              data-testid="test-single-post"
            >
              <nuxtlink-stub
                class=""
                class-name="filtered-post"
                to="/blog/effective-refactoring-of-heavy-database-interface/"
              >
                <div
                  class="blog-post"
                >
                  <img
                    alt="From Total Mess to Order in Several Steps."
                    class="blog-post__image img_lazy"
                    data-src="https://images.prismic.io/superpupertest/d9fd1cce-d1a8-44fa-b90c-11fa2834c824_1_vlNV_wVecX-_9r55T7E2-w.jpeg?auto=compress,format&rect=0,1,1400,759&w=983&h=533"
                    height="217"
                    width="400"
                  />
                   
                  <div>
                    <h2
                      class="blog-post__title blog-post__title--short"
                      title="text"
                    >
                      
        text
      
                    </h2>
                     
                    <h2
                      class="blog-post__title blog-post__title--very-short"
                      title="text"
                    >
                      
        text
      
                    </h2>
                     
                    <h2
                      class="blog-post__title blog-post__title--full"
                      title="text"
                    >
                      
        text
      
                    </h2>
                     
                    <p
                      class="blog-post__paragraph"
                      data-testid="test-blog-post"
                    >
                      
        This story is about pain, agony, and denial of ready-made solutions. It is also about changes that improve the code’s readability and help the...
      
                    </p>
                     
                    <div
                      class="blog-post__meta"
                    >
                      <span
                        class="created-at"
                      >
                        Jul 14, 2020
                      </span>
                       
                      <span
                        class="tag"
                      >
                        Backend development
                      </span>
                    </div>
                     
                    <div
                      class="blog-post__author"
                    >
                      <img
                        alt="text"
                        class="blog-post__author-image img_lazy"
                        data-src="https://images.prismic.io/superpupertest/d40d9f3c-cc9d-42b8-a10b-61b6a1fb1220_Anatoliy+Fedorenko.jpg?auto=compress,format&rect=307,0,3076,3076&w=40&h=40"
                      />
                       
                      <div
                        class="blog-post__author-info"
                      >
                        <p
                          class="blog-post__author-name"
                        >
                          
      text
    
                        </p>
                         
                        <div
                          class="blog-post__data-of-creation"
                        >
                          <span
                            class="blog-post__author-title"
                          >
                            Backend developer
                          </span>
                        </div>
                      </div>
                    </div>
                  </div>
                </div>
              </nuxtlink-stub>
            </div>
          </section>
          <section
            class="filtered-posts__single-post"
            post="[object Object]"
          >
            <div
              class="single-post__wrapper"
              data-testid="test-single-post"
            >
              <nuxtlink-stub
                class=""
                class-name="filtered-post"
                to="/blog/running-geo-django-on-elasticbeanstalk/"
              >
                <div
                  class="blog-post"
                >
                  <img
                    alt="Running Geo Django on ElasticBeanstalk."
                    class="blog-post__image img_lazy"
                    data-src="https://images.prismic.io/superpupertest/638ccb04-1340-4efc-9a7d-7ba9812f6929_1*BmpD-5oBin9o583biKxvCQ.jpeg?auto=compress,format&rect=0,1,1400,759&w=983&h=533"
                    height="217"
                    width="400"
                  />
                   
                  <div>
                    <h2
                      class="blog-post__title blog-post__title--short"
                      title="text"
                    >
                      
        text
      
                    </h2>
                     
                    <h2
                      class="blog-post__title blog-post__title--very-short"
                      title="text"
                    >
                      
        text
      
                    </h2>
                     
                    <h2
                      class="blog-post__title blog-post__title--full"
                      title="text"
                    >
                      
        text
      
                    </h2>
                     
                    <p
                      class="blog-post__paragraph"
                      data-testid="test-blog-post"
                    >
                      
        I want to tell you this story because I wasted about 14 hours to realize how to achieve it correctly.NB!: Sometimes working with Elastic Beanstalk...
      
                    </p>
                     
                    <div
                      class="blog-post__meta"
                    >
                      <span
                        class="created-at"
                      >
                        Jun 11, 2020
                      </span>
                       
                      <span
                        class="tag"
                      >
                        Backend development
                      </span>
                    </div>
                     
                    <div
                      class="blog-post__author"
                    >
                      <img
                        alt="text"
                        class="blog-post__author-image img_lazy"
                        data-src="https://images.prismic.io/superpupertest/a812fb91-3f18-46ef-9442-c118b6b474b3_Andrew.jpeg?auto=compress,format&rect=0,0,553,553&w=40&h=40"
                      />
                       
                      <div
                        class="blog-post__author-info"
                      >
                        <p
                          class="blog-post__author-name"
                        >
                          
      text
    
                        </p>
                         
                        <div
                          class="blog-post__data-of-creation"
                        >
                          <span
                            class="blog-post__author-title"
                          >
                            Chief technology officer
                          </span>
                        </div>
                      </div>
                    </div>
                  </div>
                </div>
              </nuxtlink-stub>
            </div>
          </section>
          <section
            class="filtered-posts__single-post"
            post="[object Object]"
          >
            <div
              class="single-post__wrapper"
              data-testid="test-single-post"
            >
              <nuxtlink-stub
                class=""
                class-name="filtered-post"
                to="/blog/guaranteed-delivery-with-grpc-streams/"
              >
                <div
                  class="blog-post"
                >
                  <img
                    alt="GRPC Streams."
                    class="blog-post__image img_lazy"
                    data-src="https://images.prismic.io/superpupertest/ffcc13e7-abed-4806-ac94-ec0f95bb88ee_1_hwJDs4aWX8ioOeHmWG13lw.png?auto=compress,format&rect=0,1,2000,1084&w=983&h=533"
                    height="217"
                    width="400"
                  />
                   
                  <div>
                    <h2
                      class="blog-post__title blog-post__title--short"
                      title="text"
                    >
                      
        text
      
                    </h2>
                     
                    <h2
                      class="blog-post__title blog-post__title--very-short"
                      title="text"
                    >
                      
        text
      
                    </h2>
                     
                    <h2
                      class="blog-post__title blog-post__title--full"
                      title="text"
                    >
                      
        text
      
                    </h2>
                     
                    <p
                      class="blog-post__paragraph"
                      data-testid="test-blog-post"
                    >
                      
        Let’s take a look at the minimum requirements for web developers in the 2000s. In the good old days, you could build more or less working website...
      
                    </p>
                     
                    <div
                      class="blog-post__meta"
                    >
                      <span
                        class="created-at"
                      >
                        Nov 26, 2019
                      </span>
                       
                      <span
                        class="tag"
                      >
                        Backend development
                      </span>
                    </div>
                     
                    <div
                      class="blog-post__author"
                    >
                      <img
                        alt="text"
                        class="blog-post__author-image img_lazy"
                        data-src="https://images.prismic.io/superpupertest/a812fb91-3f18-46ef-9442-c118b6b474b3_Andrew.jpeg?auto=compress,format&rect=0,0,553,553&w=40&h=40"
                      />
                       
                      <div
                        class="blog-post__author-info"
                      >
                        <p
                          class="blog-post__author-name"
                        >
                          
      text
    
                        </p>
                         
                        <div
                          class="blog-post__data-of-creation"
                        >
                          <span
                            class="blog-post__author-title"
                          >
                            Chief technology officer
                          </span>
                        </div>
                      </div>
                    </div>
                  </div>
                </div>
              </nuxtlink-stub>
            </div>
          </section>
          <section
            class="filtered-posts__single-post"
            post="[object Object]"
          >
            <div
              class="single-post__wrapper"
              data-testid="test-single-post"
            >
              <nuxtlink-stub
                class=""
                class-name="filtered-post"
                to="/blog/how-to-start-with-logging-in-golang-projects-part-1/"
              >
                <div
                  class="blog-post"
                >
                  <img
                    alt="Go projects."
                    class="blog-post__image img_lazy"
                    data-src="https://images.prismic.io/superpupertest/2767800e-7419-4f93-a9d2-cabde13b22b8_1_6mY93Z3wBTUpcRdEvhIBeg.jpeg?auto=compress,format&rect=0,1,1400,759&w=983&h=533"
                    height="217"
                    width="400"
                  />
                   
                  <div>
                    <h2
                      class="blog-post__title blog-post__title--short"
                      title="text"
                    >
                      
        text
      
                    </h2>
                     
                    <h2
                      class="blog-post__title blog-post__title--very-short"
                      title="text"
                    >
                      
        text
      
                    </h2>
                     
                    <h2
                      class="blog-post__title blog-post__title--full"
                      title="text"
                    >
                      
        text
      
                    </h2>
                     
                    <p
                      class="blog-post__paragraph"
                      data-testid="test-blog-post"
                    >
                      
        Logs are recorded events that your software produces. They are essential to every IT project since they provide the context to help debugging and...
      
                    </p>
                     
                    <div
                      class="blog-post__meta"
                    >
                      <span
                        class="created-at"
                      >
                        Nov 05, 2019
                      </span>
                       
                      <span
                        class="tag"
                      >
                        Backend development
                      </span>
                    </div>
                     
                    <div
                      class="blog-post__author"
                    >
                      <img
                        alt="text"
                        class="blog-post__author-image img_lazy"
                        data-src="https://images.prismic.io/superpupertest/d40d9f3c-cc9d-42b8-a10b-61b6a1fb1220_Anatoliy+Fedorenko.jpg?auto=compress,format&rect=355,0,3076,3076&w=40&h=40"
                      />
                       
                      <div
                        class="blog-post__author-info"
                      >
                        <p
                          class="blog-post__author-name"
                        >
                          
      text
    
                        </p>
                         
                        <div
                          class="blog-post__data-of-creation"
                        >
                          <span
                            class="blog-post__author-title"
                          >
                            Backend developer
                          </span>
                        </div>
                      </div>
                    </div>
                  </div>
                </div>
              </nuxtlink-stub>
            </div>
          </section>
          <section
            class="filtered-posts__single-post"
            post="[object Object]"
          >
            <div
              class="single-post__wrapper"
              data-testid="test-single-post"
            >
              <nuxtlink-stub
                class=""
                class-name="filtered-post"
                to="/blog/how-to-start-developing-for-raspberry-pi-with-qt/"
              >
                <div
                  class="blog-post"
                >
                  <img
                    alt="Raspberry Pi with Qt."
                    class="blog-post__image img_lazy"
                    data-src="https://images.prismic.io/superpupertest/e4a2fb29-2906-479e-a875-0dd278f4bc08_Raspberry+Pi+with+Qt.png?auto=compress,format&rect=0,1,1400,759&w=983&h=533"
                    height="217"
                    width="400"
                  />
                   
                  <div>
                    <h2
                      class="blog-post__title blog-post__title--short"
                      title="text"
                    >
                      
        text
      
                    </h2>
                     
                    <h2
                      class="blog-post__title blog-post__title--very-short"
                      title="text"
                    >
                      
        text
      
                    </h2>
                     
                    <h2
                      class="blog-post__title blog-post__title--full"
                      title="text"
                    >
                      
        text
      
                    </h2>
                     
                    <p
                      class="blog-post__paragraph"
                      data-testid="test-blog-post"
                    >
                      
        One fine day, it became necessary to finish the project for an international mining company. The workers regularly complained about the quality of...
      
                    </p>
                     
                    <div
                      class="blog-post__meta"
                    >
                      <span
                        class="created-at"
                      >
                        Oct 21, 2019
                      </span>
                       
                      <span
                        class="tag"
                      >
                        Hardware
                      </span>
                    </div>
                     
                    <div
                      class="blog-post__author"
                    >
                      <img
                        alt="text"
                        class="blog-post__author-image img_lazy"
                        data-src="https://images.prismic.io/superpupertest/c006a713-498b-4e39-821d-b32e5a2482d6_Kirill+Avdeev.jpg?auto=compress,format&rect=0,133,3355,3355&w=40&h=40"
                      />
                       
                      <div
                        class="blog-post__author-info"
                      >
                        <p
                          class="blog-post__author-name"
                        >
                          
      text
    
                        </p>
                         
                        <div
                          class="blog-post__data-of-creation"
                        >
                          <span
                            class="blog-post__author-title"
                          >
                            Backend developer
                          </span>
                        </div>
                      </div>
                    </div>
                  </div>
                </div>
              </nuxtlink-stub>
            </div>
          </section>
          <section
            class="filtered-posts__single-post"
            post="[object Object]"
          >
            <div
              class="single-post__wrapper"
              data-testid="test-single-post"
            >
              <nuxtlink-stub
                class=""
                class-name="filtered-post"
                to="/blog/a-bit-about-event-delegation-in-pure-js/"
              >
                <div
                  class="blog-post"
                >
                  <img
                    alt="A Bit about Event Delegation in Pure JS."
                    class="blog-post__image img_lazy"
                    data-src="https://images.prismic.io/superpupertest/ee76dea8-07c8-4c08-ab9f-5f337a1fd0b0_1_d28fyQqH7yGrZ6NvNpm2jA.png?auto=compress,format&rect=31,0,738,400&w=983&h=533"
                    height="217"
                    width="400"
                  />
                   
                  <div>
                    <h2
                      class="blog-post__title blog-post__title--short"
                      title="text"
                    >
                      
        text
      
                    </h2>
                     
                    <h2
                      class="blog-post__title blog-post__title--very-short"
                      title="text"
                    >
                      
        text
      
                    </h2>
                     
                    <h2
                      class="blog-post__title blog-post__title--full"
                      title="text"
                    >
                      
        text
      
                    </h2>
                     
                    <p
                      class="blog-post__paragraph"
                      data-testid="test-blog-post"
                    >
                      
        In the previous article, I talked about Event Delegation in React. On this one, I will tell you how you can use this pattern in the world of events...
      
                    </p>
                     
                    <div
                      class="blog-post__meta"
                    >
                      <span
                        class="created-at"
                      >
                        Oct 10, 2019
                      </span>
                       
                      <span
                        class="tag"
                      >
                        Frontend development
                      </span>
                    </div>
                     
                    <div
                      class="blog-post__author"
                    >
                      <img
                        alt="text"
                        class="blog-post__author-image img_lazy"
                        data-src="https://images.prismic.io/superpupertest/a4638fd8-2510-44f4-b5a7-471836923dca_1_eVhokCn81jDjA64R5plVuA.png?auto=compress,format&rect=0,0,262,262&w=40&h=40"
                      />
                       
                      <div
                        class="blog-post__author-info"
                      >
                        <p
                          class="blog-post__author-name"
                        >
                          
      text
    
                        </p>
                         
                        <div
                          class="blog-post__data-of-creation"
                        >
                          <span
                            class="blog-post__author-title"
                          >
                            Full stack developer
                          </span>
                        </div>
                      </div>
                    </div>
                  </div>
                </div>
              </nuxtlink-stub>
            </div>
          </section>
          <section
            class="filtered-posts__single-post"
            post="[object Object]"
          >
            <div
              class="single-post__wrapper"
              data-testid="test-single-post"
            >
              <nuxtlink-stub
                class=""
                class-name="filtered-post"
                to="/blog/a-bit-about-event-delegation-in-react/"
              >
                <div
                  class="blog-post"
                >
                  <img
                    alt="Event Delegation in React."
                    class="blog-post__image img_lazy"
                    data-src="https://images.prismic.io/superpupertest/83f9d80e-d90e-4694-bfca-9633adf0bb76_1_wcAi1bMW4Xrj57-rbiE7hg.png?auto=compress,format&rect=31,0,738,400&w=983&h=533"
                    height="217"
                    width="400"
                  />
                   
                  <div>
                    <h2
                      class="blog-post__title blog-post__title--short"
                      title="text"
                    >
                      
        text
      
                    </h2>
                     
                    <h2
                      class="blog-post__title blog-post__title--very-short"
                      title="text"
                    >
                      
        text
      
                    </h2>
                     
                    <h2
                      class="blog-post__title blog-post__title--full"
                      title="text"
                    >
                      
        text
      
                    </h2>
                     
                    <p
                      class="blog-post__paragraph"
                      data-testid="test-blog-post"
                    >
                      
        Unfortunately, in our modern world, there is no way to delve into the little things and how frameworks work.We use many tools and like how easy it is...
      
                    </p>
                     
                    <div
                      class="blog-post__meta"
                    >
                      <span
                        class="created-at"
                      >
                        Sep 30, 2019
                      </span>
                       
                      <span
                        class="tag"
                      >
                        Frontend development
                      </span>
                    </div>
                     
                    <div
                      class="blog-post__author"
                    >
                      <img
                        alt="text"
                        class="blog-post__author-image img_lazy"
                        data-src="https://images.prismic.io/superpupertest/a4638fd8-2510-44f4-b5a7-471836923dca_1_eVhokCn81jDjA64R5plVuA.png?auto=compress,format&rect=0,0,262,262&w=40&h=40"
                      />
                       
                      <div
                        class="blog-post__author-info"
                      >
                        <p
                          class="blog-post__author-name"
                        >
                          
      text
    
                        </p>
                         
                        <div
                          class="blog-post__data-of-creation"
                        >
                          <span
                            class="blog-post__author-title"
                          >
                            Full stack developer
                          </span>
                        </div>
                      </div>
                    </div>
                  </div>
                </div>
              </nuxtlink-stub>
            </div>
          </section>
          <section
            class="filtered-posts__single-post"
            post="[object Object]"
          >
            <div
              class="single-post__wrapper"
              data-testid="test-single-post"
            >
              <nuxtlink-stub
                class=""
                class-name="filtered-post"
                to="/blog/best-ci-for-js-projects-with-puppeteer-tests/"
              >
                <div
                  class="blog-post"
                >
                  <img
                    alt="Top 3 Best CI for Your JS Projects with Puppeteer Tests."
                    class="blog-post__image img_lazy"
                    data-src="https://images.prismic.io/superpupertest/f0ac1d09-037c-4d09-8599-13dd754d2b13_1_MccluIYzshmdLz4cM_HsEg.png?auto=compress,format&rect=109,0,950,515&w=983&h=533"
                    height="217"
                    width="400"
                  />
                   
                  <div>
                    <h2
                      class="blog-post__title blog-post__title--short"
                      title="text"
                    >
                      
        text
      
                    </h2>
                     
                    <h2
                      class="blog-post__title blog-post__title--very-short"
                      title="text"
                    >
                      
        text
      
                    </h2>
                     
                    <h2
                      class="blog-post__title blog-post__title--full"
                      title="text"
                    >
                      
        text
      
                    </h2>
                     
                    <p
                      class="blog-post__paragraph"
                      data-testid="test-blog-post"
                    >
                      
        For the first time, it was conceptualized and proposed by Grady Booch in 1991. It is one of the main elements of extreme programming practice.I...
      
                    </p>
                     
                    <div
                      class="blog-post__meta"
                    >
                      <span
                        class="created-at"
                      >
                        Jul 19, 2019
                      </span>
                       
                      <span
                        class="tag"
                      >
                        Backend development
                      </span>
                    </div>
                     
                    <div
                      class="blog-post__author"
                    >
                      <img
                        alt="text"
                        class="blog-post__author-image img_lazy"
                        data-src="https://images.prismic.io/superpupertest/c4ec3c11-04d9-4e0d-b1f1-50f00883a0af_1_eVhokCn81jDjA64R5plVuA.png?auto=compress,format&rect=0,0,262,262&w=40&h=40"
                      />
                       
                      <div
                        class="blog-post__author-info"
                      >
                        <p
                          class="blog-post__author-name"
                        >
                          
      text
    
                        </p>
                         
                        <div
                          class="blog-post__data-of-creation"
                        >
                          <span
                            class="blog-post__author-title"
                          >
                            Full stack developer
                          </span>
                        </div>
                      </div>
                    </div>
                  </div>
                </div>
              </nuxtlink-stub>
            </div>
          </section>
          <section
            class="filtered-posts__single-post"
            post="[object Object]"
          >
            <div
              class="single-post__wrapper"
              data-testid="test-single-post"
            >
              <nuxtlink-stub
                class=""
                class-name="filtered-post"
                to="/blog/mad-fake-slack/"
              >
                <div
                  class="blog-post"
                >
                  <img
                    alt="Mad Fake Slack."
                    class="blog-post__image img_lazy"
                    data-src="https://images.prismic.io/superpupertest/dd6df0bd-221c-4392-9eb1-4d782d6e2ddd_1_Kw5pRjj9dpQIDye2-0sjAQ.jpeg?auto=compress,format&rect=0,1,1400,759&w=983&h=533"
                    height="217"
                    width="400"
                  />
                   
                  <div>
                    <h2
                      class="blog-post__title blog-post__title--short"
                      title="text"
                    >
                      
        text
      
                    </h2>
                     
                    <h2
                      class="blog-post__title blog-post__title--very-short"
                      title="text"
                    >
                      
        text
      
                    </h2>
                     
                    <h2
                      class="blog-post__title blog-post__title--full"
                      title="text"
                    >
                      
        text
      
                    </h2>
                     
                    <p
                      class="blog-post__paragraph"
                      data-testid="test-blog-post"
                    >
                      
        Mad-fake-slack is primarily a tool for testing your bot, without using real slack servers. In the future, it will be a powerful tool for integration...
      
                    </p>
                     
                    <div
                      class="blog-post__meta"
                    >
                      <span
                        class="created-at"
                      >
                        Jul 03, 2019
                      </span>
                       
                      <span
                        class="tag"
                      >
                        Backend development
                      </span>
                    </div>
                     
                    <div
                      class="blog-post__author"
                    >
                      <img
                        alt="text"
                        class="blog-post__author-image img_lazy"
                        data-src="https://images.prismic.io/superpupertest/c4ec3c11-04d9-4e0d-b1f1-50f00883a0af_1_eVhokCn81jDjA64R5plVuA.png?auto=compress,format&rect=0,0,262,262&w=40&h=40"
                      />
                       
                      <div
                        class="blog-post__author-info"
                      >
                        <p
                          class="blog-post__author-name"
                        >
                          
      text
    
                        </p>
                         
                        <div
                          class="blog-post__data-of-creation"
                        >
                          <span
                            class="blog-post__author-title"
                          >
                            Full stack developer
                          </span>
                        </div>
                      </div>
                    </div>
                  </div>
                </div>
              </nuxtlink-stub>
            </div>
          </section>
          <section
            class="filtered-posts__single-post"
            post="[object Object]"
          >
            <div
              class="single-post__wrapper"
              data-testid="test-single-post"
            >
              <nuxtlink-stub
                class=""
                class-name="filtered-post"
                to="/blog/comedian-slack-standup-bot/"
              >
                <div
                  class="blog-post"
                >
                  <img
                    alt="Standup."
                    class="blog-post__image img_lazy"
                    data-src="https://images.prismic.io/superpupertest/d765c67a-821c-4f88-abf7-7a6822df8ede_1_bNuvXMgfV9hkVO-U-gQQ2g.png?auto=compress,format&rect=0,1,1400,759&w=983&h=533"
                    height="217"
                    width="400"
                  />
                   
                  <div>
                    <h2
                      class="blog-post__title blog-post__title--short"
                      title="text"
                    >
                      
        text
      
                    </h2>
                     
                    <h2
                      class="blog-post__title blog-post__title--very-short"
                      title="text"
                    >
                      
        text
      
                    </h2>
                     
                    <h2
                      class="blog-post__title blog-post__title--full"
                      title="text"
                    >
                      
        text
      
                    </h2>
                     
                    <p
                      class="blog-post__paragraph"
                      data-testid="test-blog-post"
                    >
                      
        Any business always strives to effectively use the time and skills of its employees since it directly affects the profit. Therefore, a business...
      
                    </p>
                     
                    <div
                      class="blog-post__meta"
                    >
                      <span
                        class="created-at"
                      >
                        Oct 01, 2018
                      </span>
                       
                      <span
                        class="tag"
                      >
                        Software Development 
                      </span>
                    </div>
                     
                    <div
                      class="blog-post__author"
                    >
                      <img
                        alt="text"
                        class="blog-post__author-image img_lazy"
                        data-src="https://images.prismic.io/superpupertest/d40d9f3c-cc9d-42b8-a10b-61b6a1fb1220_Anatoliy+Fedorenko.jpg?auto=compress,format&rect=355,0,3076,3076&w=40&h=40"
                      />
                       
                      <div
                        class="blog-post__author-info"
                      >
                        <p
                          class="blog-post__author-name"
                        >
                          
      text
    
                        </p>
                         
                        <div
                          class="blog-post__data-of-creation"
                        >
                          <span
                            class="blog-post__author-title"
                          >
                            Backend developer
                          </span>
                        </div>
                      </div>
                    </div>
                  </div>
                </div>
              </nuxtlink-stub>
            </div>
          </section>
          <section
            class="filtered-posts__single-post"
            post="[object Object]"
          >
            <div
              class="single-post__wrapper"
              data-testid="test-single-post"
            >
              <nuxtlink-stub
                class=""
                class-name="filtered-post"
                to="/blog/best-architecture-for-the-react-project/"
              >
                <div
                  class="blog-post"
                >
                  <img
                    alt="Best architecture for the React Project."
                    class="blog-post__image img_lazy"
                    data-src="https://images.prismic.io/superpupertest/0af584bc-4da6-469d-954a-ae4f2d6b7e37_react.jpg?auto=compress,format&rect=0,390,6240,3383&w=983&h=533"
                    height="217"
                    width="400"
                  />
                   
                  <div>
                    <h2
                      class="blog-post__title blog-post__title--short"
                      title="text"
                    >
                      
        text
      
                    </h2>
                     
                    <h2
                      class="blog-post__title blog-post__title--very-short"
                      title="text"
                    >
                      
        text
      
                    </h2>
                     
                    <h2
                      class="blog-post__title blog-post__title--full"
                      title="text"
                    >
                      
        text
      
                    </h2>
                     
                    <p
                      class="blog-post__paragraph"
                      data-testid="test-blog-post"
                    >
                      
        Usually, at the preparatory stages of project developers think of the project skeleton to avoid a lot of mistakes and reworks in the future.What is...
      
                    </p>
                     
                    <div
                      class="blog-post__meta"
                    >
                      <span
                        class="created-at"
                      >
                        Jul 06, 2018
                      </span>
                       
                      <span
                        class="tag"
                      >
                        Backend development
                      </span>
                    </div>
                     
                    <div
                      class="blog-post__author"
                    >
                      <img
                        alt="text"
                        class="blog-post__author-image img_lazy"
                        data-src="https://images.prismic.io/superpupertest/a46734d2-35f8-4508-a7e3-7c8c39160979_1_eVhokCn81jDjA64R5plVuA.png?auto=compress,format&rect=0,0,96,96&w=40&h=40"
                      />
                       
                      <div
                        class="blog-post__author-info"
                      >
                        <p
                          class="blog-post__author-name"
                        >
                          
      text
    
                        </p>
                         
                        <div
                          class="blog-post__data-of-creation"
                        >
                          <span
                            class="blog-post__author-title"
                          >
                            Full stack developer
                          </span>
                        </div>
                      </div>
                    </div>
                  </div>
                </div>
              </nuxtlink-stub>
            </div>
          </section>
        </div>
         
        <!---->
      </div>
    </div>
  </section>
</div>
`;
