// Jest Snapshot v1, https://goo.gl/fbAQLP

exports[`Picture component should render correctly 1`] = `
<div>
  <picture>
    <source
      class="image box-shadow"
      srcset="img.jpg ,img.jpg 2x"
      type="image/webp"
    />
     
    <img
      alt="alt"
      class="image box-shadow"
      height="0"
      loading="lazy"
      src="img.jpg"
      srcset="img.jpg 2x"
      width="0"
    />
  </picture>
</div>
`;
