// Jest Snapshot v1, https://goo.gl/fbAQLP

exports[`featured post component is a Vue instance 1`] = `
<div>
  <nuxtlink-stub
    class="featured-post dark"
    to="/blog/its-not-just-a-layout-what-do-you-need-to-know-to/"
  >
    <div
      class="row featured-post__wrapper"
    >
      <div
        class="col-12 col-lg-6 featured-post__main"
      >
        <h2
          class="featured-post__title"
          title="The best practices for improving layout quality on your website"
        >
          
        The best practices for improving layout quality...
      
        </h2>
         
        <p
          class="featured-post__paragraph"
        >
          
        Let’s start with a partial list of how a valid and semantic layout can improve any project:
      
        </p>
         
        <div
          class="featured-post__data d-flex justify-content-between"
        >
          <!---->
           
          <div
            class="featured-post__meta"
          >
            <nuxtlink-stub
              class="post-tag dark"
              event="click"
              to="/blog/tag/markup/"
            >
              <span
                class="tag"
                data-testid="test-tag"
              >
                
    markup
  
              </span>
            </nuxtlink-stub>
             
            <span
              class="created-at"
            >
              Aug 25, 2020
            </span>
          </div>
        </div>
      </div>
       
      <div
        class="col-12 col-lg-6 featured-post__image-wrapper"
      >
        <img
          class="featured-post__image img_lazy"
          data-src="https://images.prismic.io/superpupertest/e746f4e6-ce33-47b7-b828-5f315fea2bbb_1_bmF_K9TNqtHpHzUUiI_y5Q.jpeg?auto=compress,format"
          height="380"
          width="700"
        />
      </div>
    </div>
  </nuxtlink-stub>
</div>
`;
