// Jest Snapshot v1, https://goo.gl/fbAQLP

exports[`CustomerTestimonials should render correctly 1`] = `
<div>
  <section
    class="customer-testimonials"
    id="customer-testimonials"
  >
    <div
      class="container"
    >
      <h2
        class="customer-testimonials__title"
      >
        
      Customer Testimonials
    
      </h2>
       
      <div
        class="customer-testimonials__content-wrap"
      >
        <div
          class="customer-testimonials__widget-col"
        >
          <clientonly-stub>
            <div
              class="customer-testimonials__widget-wrap"
            >
              <div
                class="clutch-widget"
                data-clutchcompany-id="258762"
                data-expandifr="true"
                data-height="auto"
                data-url="https://widget.clutch.co"
                data-widget-type="4"
              />
            </div>
          </clientonly-stub>
        </div>
         
        <div
          class="customer-testimonials__testimonials-list"
        >
          <div
            class="customer-testimonials__testimonials-item"
          >
            <blockquote
              class="customer-testimonials__testimonials-text paragraph-md"
            >
              
            Being a small team without a project manager we have never regretted of the collaboration with Mad Devs. The team shared the product ownership and responsibility for its development.
          
            </blockquote>
             
            <div
              class="customer-testimonials__customer-info"
            >
              <div
                class="customer-testimonials__profile"
              >
                <img
                  alt="Atif Mahmood - CEO and Founder at Teacherly."
                  class="customer-testimonials__customer-image img_lazy"
                  data-src="[object Object]"
                  height="42"
                  width="42"
                />
                 
                <span
                  class="customer-testimonials__customer-name paragraph-sm"
                >
                  
                Atif Mahmood, 
                  <span>
                    The UK
                  </span>
                </span>
              </div>
               
              <div
                class="customer-testimonials__project"
              >
                <a
                  href="https://teacherly.io/"
                  rel="nofollow"
                  target="_blank"
                >
                  <img
                    alt="Atif Mahmood - CEO and Founder at Teacherly."
                    class="img_lazy single-project__logo customer-testimonials__teacherly"
                    data-src="[object Object]"
                    height="31"
                    width="91"
                  />
                </a>
              </div>
            </div>
          </div>
          <div
            class="customer-testimonials__testimonials-item"
          >
            <blockquote
              class="customer-testimonials__testimonials-text paragraph-md"
            >
              
            We would never had a better deal on the labour market on our own. Buying from Mad Devs was our best way of finding a top-notch DevOps engineer.
          
            </blockquote>
             
            <div
              class="customer-testimonials__customer-info"
            >
              <div
                class="customer-testimonials__profile"
              >
                <img
                  alt="Daniel Vartanov - CTO at Veeqo.com."
                  class="customer-testimonials__customer-image img_lazy"
                  data-src="[object Object]"
                  height="42"
                  width="42"
                />
                 
                <span
                  class="customer-testimonials__customer-name paragraph-sm"
                >
                  
                Daniel Vartanov, 
                  <span>
                    The UK
                  </span>
                </span>
              </div>
               
              <div
                class="customer-testimonials__project"
              >
                <a
                  href="https://veeqo.com/"
                  rel="nofollow"
                  target="_blank"
                >
                  <img
                    alt="Daniel Vartanov - CTO at Veeqo.com."
                    class="img_lazy single-project__logo customer-testimonials__veeqo"
                    data-src="[object Object]"
                    height="31"
                    width="83"
                  />
                </a>
              </div>
            </div>
          </div>
          <div
            class="customer-testimonials__testimonials-item"
          >
            <blockquote
              class="customer-testimonials__testimonials-text paragraph-md"
            >
              
            I am very happy with Mad Devs services so far. Looking forward to a long and fruitful partnership.
          
            </blockquote>
             
            <div
              class="customer-testimonials__customer-info"
            >
              <div
                class="customer-testimonials__profile"
              >
                <img
                  alt="Stefan Streichsbier - CEO and Founder at GuardRails.io."
                  class="customer-testimonials__customer-image img_lazy"
                  data-src="[object Object]"
                  height="42"
                  width="42"
                />
                 
                <span
                  class="customer-testimonials__customer-name paragraph-sm"
                >
                  
                Stefan Streichsbier, 
                  <span>
                    Singapore
                  </span>
                </span>
              </div>
               
              <div
                class="customer-testimonials__project"
              >
                <a
                  href="https://guardrails.io/"
                  rel="nofollow"
                  target="_blank"
                >
                  <img
                    alt="Stefan Streichsbier - CEO and Founder at GuardRails.io."
                    class="img_lazy single-project__logo customer-testimonials__guardrails"
                    data-src="[object Object]"
                    height="31"
                    width="160"
                  />
                </a>
              </div>
            </div>
          </div>
        </div>
      </div>
    </div>
  </section>
</div>
`;
