// Jest Snapshot v1, https://goo.gl/fbAQLP

exports[`TeamsForm component should render correctly 1`] = `
<div>
  <div
    class="form"
  >
    <div
      class="fields-list"
    >
      <div
        class="modal-field-item field-item"
      >
        <p
          class="modal-field-name field-name required"
        >
          
    Full Name
  
        </p>
         
        <div>
          <input
            class="modal-entry-field entry-field"
            data-testid="test-base-form-fullName"
            placeholder="John Smith"
            type="text"
          />
           
          <!---->
        </div>
         
        <!---->
      </div>
       
      <!---->
       
      <div
        class="modal-field-item field-item"
      >
        <p
          class="modal-field-name field-name required"
        >
          
    Work Email
  
        </p>
         
        <div>
          <input
            class="modal-entry-field entry-field"
            data-testid="test-base-form-email"
            placeholder="your@mail.com"
            type="text"
          />
           
          <!---->
        </div>
         
        <!---->
      </div>
       
      <div
        class="modal-field-item field-item"
      >
        <p
          class="modal-field-name field-name"
        >
          
    Phone Number
  
        </p>
         
        <div>
          <input
            class="modal-entry-field entry-field"
            data-testid="test-base-form-phoneNumber"
            placeholder="Phone number"
            type="text"
          />
           
          <!---->
        </div>
         
        <!---->
      </div>
       
      <div
        class="modal-field-item field-item"
      >
        <p
          class="modal-field-name field-name"
        >
          
    Project description
  
        </p>
         
        <div>
          <!---->
           
          <textarea
            class="modal-entry-field entry-field textarea"
            data-testid="test-base-form-description"
            placeholder="Describe your project..."
          />
        </div>
         
        <!---->
      </div>
       
      <div
        class="radio-buttons"
      >
        <div
          class="radio-buttons__field-name field-name required"
        >
          
    Expected team size
  
        </div>
         
        <div
          class="radio-buttons__radio-list"
        >
          <label
            class="radio-buttons__radio-label"
            for="less-five-teams"
          >
            <input
              class="radio-buttons__radio-input"
              data-testid="test-radio-buttons"
              id="less-five-teams"
              name="teams"
              type="radio"
            />
             
            <span
              class="radio-buttons__checkmark-radio"
            />
             
            <p
              class="radio-buttons__radio-text_item"
            >
              Less than 5
            </p>
          </label>
          <label
            class="radio-buttons__radio-label"
            for="from-five-to-ten-teams"
          >
            <input
              class="radio-buttons__radio-input"
              data-testid="test-radio-buttons"
              id="from-five-to-ten-teams"
              name="teams"
              type="radio"
            />
             
            <span
              class="radio-buttons__checkmark-radio"
            />
             
            <p
              class="radio-buttons__radio-text_item"
            >
              From 5 to 10
            </p>
          </label>
          <label
            class="radio-buttons__radio-label"
            for="more-than-ten-teams"
          >
            <input
              class="radio-buttons__radio-input"
              data-testid="test-radio-buttons"
              id="more-than-ten-teams"
              name="teams"
              type="radio"
            />
             
            <span
              class="radio-buttons__checkmark-radio"
            />
             
            <p
              class="radio-buttons__radio-text_item"
            >
              More than 10
            </p>
          </label>
        </div>
      </div>
    </div>
     
    <div
      class="form-checkboxes"
    >
      <label
        class="form-checkbox-label required"
        for="privacy-policy-teams-form"
      >
        I confirm that I have read and accepted
    
        <div>
          
      Mad Devs’
      
          <a
            href="/privacy/"
            target="_blank"
          >
            Privacy Policy
          </a>
        </div>
         
        <input
          class="form-checkbox-input"
          data-testid="test-privacy-policy-checkbox-input"
          id="privacy-policy-teams-form"
          name="Privacy policy"
          type="checkbox"
        />
         
        <div
          class="checkmark"
        />
      </label>
       
      <label
        class="form-checkbox-label"
        for="marketing-communications-teams-form"
      >
        I agree to get
    
        <div>
          Mad Devs’
        </div>
        
    discount offers and other marketing communications.
    
        <input
          class="form-checkbox-input"
          data-testid="test-form-checkbox-input"
          id="marketing-communications-teams-form"
          name="Marketing communications"
          type="checkbox"
        />
         
        <div
          class="checkmark"
        />
      </label>
    </div>
     
    <button
      class="ui-button ui-button--disabled ui-button--transparent-bgc ui-button_submit-button-footer"
    >
      
    Get a team of ultra fast coders
  
    </button>
  </div>
</div>
`;
