// Jest Snapshot v1, https://goo.gl/fbAQLP

exports[`CardUseCase component should render correctly 1`] = `
<div>
  <div
    class="card-use-case"
  >
    <client-only>
      <h3
        class="card-use-case__title case_title_h4 card-use-case__undefined-title"
      >
        some-title
      </h3>
    </client-only>
     
    <div
      class="card-use-case__description-wrapper card-use-case__undefined-description-wrapper"
    >
      <p
        class="case_paragraph card-use-case__paragraph card-use-case__undefined-paragraph"
      >
        
      some-description
    
      </p>
       
      <div
        class="card-use-case__desktop-picture card-use-case__undefined-picture"
      >
        <picture>
          <source
            class="image"
            srcset="[object Object] ,[object Object] 2x"
            type="image/webp"
          />
           
          <img
            alt="alt"
            class="image"
            height="0"
            loading=""
            src="[object Object]"
            srcset="[object Object] 2x"
            width="0"
          />
        </picture>
      </div>
       
      <div
        class="card-use-case__mobile-picture card-use-case__undefined-mobile-picture"
      >
        <picture>
          <source
            class="image"
            srcset="[object Object] ,[object Object] 2x"
            type="image/webp"
          />
           
          <img
            alt="alt"
            class="image"
            height="0"
            loading=""
            src="[object Object]"
            srcset="[object Object] 2x"
            width="0"
          />
        </picture>
      </div>
    </div>
  </div>
</div>
`;
