// Jest Snapshot v1, https://goo.gl/fbAQLP

exports[`Default layout renders correctly 1`] = `
<div
  class="default-layout"
>
  <header-stub />
   
  <nuxt-stub />
   
  <footer-stub />
</div>
`;

exports[`Default дфнщге renders correctly 1`] = `
<div
  class="default-layout"
>
  <header-stub />
   
  <nuxt-stub />
   
  <footer-stub />
</div>
`;
